Component: ARM Compiler 5.06 update 1 (build 61) Tool: armlink [4d35a8]

==============================================================================

Section Cross References

    main.o(.text) refers to _printf_percent.o(.ARM.Collect$$_printf_percent$$00000000) for _printf_percent
    main.o(.text) refers to _printf_d.o(.ARM.Collect$$_printf_percent$$00000009) for _printf_d
    main.o(.text) refers to _printf_dec.o(.text) for _printf_int_dec
    main.o(.text) refers to ltc_io.o(.text) for LED_ON
    main.o(.text) refers to stm32f0xx_usart.o(.text) for USART_SendData
    main.o(.text) refers to stm32f0xx_iwdg.o(.text) for IWDG_WriteAccessCmd
    main.o(.text) refers to delay.o(.text) for Delay_Init
    main.o(.text) refers to usart1.o(.text) for USART1_Init
    main.o(.text) refers to time.o(.text) for TIM1_Config
    main.o(.text) refers to adc.o(.text) for ADC1_CH_DMA_Config
    main.o(.text) refers to operation.o(.text) for check_fault_detect
    main.o(.text) refers to aeabi_sdiv.o(.text) for __aeabi_uidivmod
    main.o(.text) refers to noretval__2printf.o(.text) for __2printf
    main.o(.text) refers to stm32f0xx_rcc.o(.text) for RCC_MCOConfig
    main.o(.text) refers to operation.o(.data) for boost_pwm_value
    main.o(.text) refers to main.o(.data) for .data
    time.o(.text) refers to stm32f0xx_misc.o(.text) for NVIC_Init
    time.o(.text) refers to stm32f0xx_rcc.o(.text) for RCC_APB2PeriphClockCmd
    time.o(.text) refers to stm32f0xx_gpio.o(.text) for GPIO_Init
    adc.o(.text) refers to stm32f0xx_rcc.o(.text) for RCC_AHBPeriphClockCmd
    adc.o(.text) refers to stm32f0xx_gpio.o(.text) for GPIO_Init
    adc.o(.text) refers to stm32f0xx_adc.o(.text) for ADC_DeInit
    adc.o(.text) refers to stm32f0xx_dma.o(.text) for DMA_DeInit
    adc.o(.text) refers to adc.o(.bss) for .bss
    stm32f0xx_it.o(.text) refers to stm32f0xx_exti.o(.text) for EXTI_GetITStatus
    stm32f0xx_it.o(.text) refers to stm32f0xx_gpio.o(.text) for GPIO_ReadInputDataBit
    stm32f0xx_it.o(.text) refers to stm32f0xx_tim.o(.text) for TIM_GetITStatus
    stm32f0xx_it.o(.text) refers to dflti.o(.text) for __aeabi_ui2d
    stm32f0xx_it.o(.text) refers to sqrt.o(i.sqrt) for sqrt
    stm32f0xx_it.o(.text) refers to dfixui.o(.text) for __aeabi_d2uiz
    stm32f0xx_it.o(.text) refers to aeabi_sdiv.o(.text) for __aeabi_uidivmod
    stm32f0xx_it.o(.text) refers to stm32f0xx_usart.o(.text) for USART_GetITStatus
    stm32f0xx_it.o(.text) refers to main.o(.data) for fault_detect_a
    stm32f0xx_it.o(.text) refers to stm32f0xx_it.o(.data) for .data
    stm32f0xx_it.o(.text) refers to adc.o(.bss) for RegularConvData_Tab
    stm32f0xx_it.o(.text) refers to stm32f0xx_it.o(.bss) for .bss
    stm32f0xx_it.o(.text) refers to operation.o(.data) for vcc_mcu_real_volt
    stm32f0xx_it.o(.text) refers to main.o(.data) for input_current_rms_100
    usart1.o(.rev16_text) refers (Special) to use_no_semi_2.o(.text) for __use_no_semihosting
    usart1.o(.revsh_text) refers (Special) to use_no_semi_2.o(.text) for __use_no_semihosting
    usart1.o(.text) refers (Special) to use_no_semi_2.o(.text) for __use_no_semihosting
    usart1.o(.text) refers to stm32f0xx_rcc.o(.text) for RCC_AHBPeriphClockCmd
    usart1.o(.text) refers to stm32f0xx_gpio.o(.text) for GPIO_PinAFConfig
    usart1.o(.text) refers to stm32f0xx_usart.o(.text) for USART_Init
    usart1.o(.text) refers to stm32f0xx_misc.o(.text) for NVIC_Init
    usart1.o(.data) refers (Special) to use_no_semi_2.o(.text) for __use_no_semihosting
    ltc_io.o(.text) refers to stm32f0xx_rcc.o(.text) for RCC_AHBPeriphClockCmd
    ltc_io.o(.text) refers to stm32f0xx_gpio.o(.text) for GPIO_Init
    ltc_io.o(.text) refers to main.o(.data) for fault_detect_a
    delay.o(.text) refers to aeabi_sdiv.o(.text) for __aeabi_uidivmod
    delay.o(.text) refers to delay.o(.data) for .data
    operation.o(.text) refers to aeabi_sdiv.o(.text) for __aeabi_uidivmod
    operation.o(.text) refers to fmul.o(x$fpl$fmul) for __aeabi_fmul
    operation.o(.text) refers to fdiv.o(.text) for __aeabi_fdiv
    operation.o(.text) refers to ffixui.o(.text) for __aeabi_f2uiz
    operation.o(.text) refers to time.o(.text) for dimming_control
    operation.o(.text) refers to ltc_io.o(.text) for heart_beat_led_off
    operation.o(.text) refers to main.o(.data) for input_current_rms_100
    operation.o(.text) refers to operation.o(.data) for .data
    operation.o(.text) refers to operation.o(.constdata) for .constdata
    operation.o(.text) refers to adc.o(.bss) for RegularConvData_Tab
    stm32f0xx_wwdg.o(.text) refers to stm32f0xx_rcc.o(.text) for RCC_APB1PeriphResetCmd
    stm32f0xx_gpio.o(.text) refers to stm32f0xx_rcc.o(.text) for RCC_AHBPeriphResetCmd
    stm32f0xx_rcc.o(.text) refers to aeabi_sdiv.o(.text) for __aeabi_uidivmod
    stm32f0xx_rcc.o(.text) refers to stm32f0xx_rcc.o(.data) for .data
    stm32f0xx_tim.o(.text) refers to stm32f0xx_rcc.o(.text) for RCC_APB1PeriphResetCmd
[...]
    Removing stm32f0xx_usart.o(.revsh_text), (4 bytes).
    Removing stm32f0xx_syscfg.o(.rev16_text), (4 bytes).
    Removing stm32f0xx_syscfg.o(.revsh_text), (4 bytes).
    Removing stm32f0xx_syscfg.o(.text), (152 bytes).
    Removing stm32f0xx_exti.o(.rev16_text), (4 bytes).
    Removing stm32f0xx_exti.o(.revsh_text), (4 bytes).
    Removing system_stm32f0xx.o(.rev16_text), (4 bytes).
    Removing system_stm32f0xx.o(.revsh_text), (4 bytes).

56 unused section(s) (total 977 bytes) removed from the image.

==============================================================================

Image Symbol Table

    Local Symbols

    Symbol Name                              Value     Ov Type        Size  Object(Section)

    ../clib/angel/boardlib.s                 0x00000000   Number         0  boardinit1.o ABSOLUTE
    ../clib/angel/boardlib.s                 0x00000000   Number         0  boardinit2.o ABSOLUTE
    ../clib/angel/boardlib.s                 0x00000000   Number         0  boardshut.o ABSOLUTE
    ../clib/angel/boardlib.s                 0x00000000   Number         0  boardinit3.o ABSOLUTE
    ../clib/angel/handlers.s                 0x00000000   Number         0  __scatter_copy.o ABSOLUTE
    ../clib/angel/handlers.s                 0x00000000   Number         0  __scatter_zi.o ABSOLUTE
    ../clib/angel/kernel.s                   0x00000000   Number         0  rtexit.o ABSOLUTE
    ../clib/angel/kernel.s                   0x00000000   Number         0  __rtentry4.o ABSOLUTE
    ../clib/angel/kernel.s                   0x00000000   Number         0  __rtentry2.o ABSOLUTE
    ../clib/angel/kernel.s                   0x00000000   Number         0  __rtentry.o ABSOLUTE
    ../clib/angel/kernel.s                   0x00000000   Number         0  rtexit2.o ABSOLUTE
    ../clib/angel/rt.s                       0x00000000   Number         0  rt_errno_addr_intlibspace.o ABSOLUTE
    ../clib/angel/rt.s                       0x00000000   Number         0  rt_raise.o ABSOLUTE
    ../clib/angel/rt.s                       0x00000000   Number         0  rt_div0.o ABSOLUTE
    ../clib/angel/rt.s                       0x00000000   Number         0  aeabi_idiv0_sigfpe.o ABSOLUTE
    ../clib/angel/rt.s                       0x00000000   Number         0  rt_errno_addr.o ABSOLUTE
    ../clib/angel/rt.s                       0x00000000   Number         0  aeabi_idiv0.o ABSOLUTE
    ../clib/angel/scatterp.s                 0x00000000   Number         0  __scatter.o ABSOLUTE
    ../clib/angel/startup.s                  0x00000000   Number         0  __main.o ABSOLUTE
    ../clib/angel/sys.s                      0x00000000   Number         0  indicate_semi.o ABSOLUTE
    ../clib/angel/sys.s                      0x00000000   Number         0  tempstk.o ABSOLUTE
    ../clib/angel/sys.s                      0x00000000   Number         0  use_no_semi_2.o ABSOLUTE
    ../clib/angel/sys.s                      0x00000000   Number         0  sys_stackheap_outer.o ABSOLUTE
    ../clib/angel/sys.s                      0x00000000   Number         0  use_no_semi.o ABSOLUTE
    ../clib/angel/sys.s                      0x00000000   Number         0  libspace.o ABSOLUTE
    ../clib/angel/sysapp.c                   0x00000000   Number         0  sys_command.o ABSOLUTE
    ../clib/angel/sysapp.c                   0x00000000   Number         0  sys_wrch.o ABSOLUTE
    ../clib/armsys.c                         0x00000000   Number         0  argv_veneer.o ABSOLUTE
    ../clib/armsys.c                         0x00000000   Number         0  no_argv.o ABSOLUTE
    ../clib/armsys.c                         0x00000000   Number         0  _get_argv_nomalloc.o ABSOLUTE
    ../clib/division.c                       0x00000000   Number         0  rtudiv10.o ABSOLUTE
    ../clib/division.s                       0x00000000   Number         0  aeabi_sdiv.o ABSOLUTE
    ../clib/division.s                       0x00000000   Number         0  aeabi_sdiv_div0.o ABSOLUTE
    ../clib/fenv.c                           0x00000000   Number         0  _rserrno.o ABSOLUTE
    ../clib/heapalloc.c                      0x00000000   Number         0  hrguard.o ABSOLUTE
    ../clib/heapaux.c                        0x00000000   Number         0  heapauxi.o ABSOLUTE
    ../clib/libinit.s                        0x00000000   Number         0  libshutdown.o ABSOLUTE
    ../clib/libinit.s                        0x00000000   Number         0  libinit2.o ABSOLUTE
    ../clib/libinit.s                        0x00000000   Number         0  libinit.o ABSOLUTE
    ../clib/libinit.s                        0x00000000   Number         0  libshutdown2.o ABSOLUTE
    ../clib/printf.c                         0x00000000   Number         0  __printf_flags_ss.o ABSOLUTE
    ../clib/printf.c                         0x00000000   Number         0  _printf_intcommon.o ABSOLUTE
    ../clib/printf.c                         0x00000000   Number         0  _printf_char_file.o ABSOLUTE
    ../clib/printf.c                         0x00000000   Number         0  __printf.o ABSOLUTE
    ../clib/printf.c                         0x00000000   Number         0  __printf_ss_wp.o ABSOLUTE
    ../clib/printf.c                         0x00000000   Number         0  __printf_flags_wp.o ABSOLUTE
    ../clib/printf.c                         0x00000000   Number         0  __printf_wp.o ABSOLUTE
    ../clib/printf.c                         0x00000000   Number         0  __2printf.o ABSOLUTE
    ../clib/printf.c                         0x00000000   Number         0  __printf_ss.o ABSOLUTE
    ../clib/printf.c                         0x00000000   Number         0  __printf_flags.o ABSOLUTE
    ../clib/printf.c                         0x00000000   Number         0  _printf_char_common.o ABSOLUTE
    ../clib/printf.c                         0x00000000   Number         0  noretval__2printf.o ABSOLUTE
    ../clib/printf.c                         0x00000000   Number         0  __printf_nopercent.o ABSOLUTE
    ../clib/printf.c                         0x00000000   Number         0  _printf_dec.o ABSOLUTE
    ../clib/printf.c                         0x00000000   Number         0  __printf_flags_ss_wp.o ABSOLUTE
    ../clib/printf_percent.s                 0x00000000   Number         0  _printf_percent.o ABSOLUTE
    ../clib/printf_percent.s                 0x00000000   Number         0  _printf_percent_end.o ABSOLUTE
    ../clib/printf_percent.s                 0x00000000   Number         0  _printf_d.o ABSOLUTE
    ../clib/signal.c                         0x00000000   Number         0  defsig_fpe_formal.o ABSOLUTE
    ../clib/signal.c                         0x00000000   Number         0  defsig_rtred_inner.o ABSOLUTE
    ../clib/signal.c                         0x00000000   Number         0  defsig_rtmem_inner.o ABSOLUTE
    ../clib/signal.c                         0x00000000   Number         0  defsig_fpe_outer.o ABSOLUTE
    ../clib/signal.c                         0x00000000   Number         0  defsig_general.o ABSOLUTE
    ../clib/signal.c                         0x00000000   Number         0  defsig_fpe_inner.o ABSOLUTE
    ../clib/signal.c                         0x00000000   Number         0  __raise.o ABSOLUTE
    ../clib/signal.c                         0x00000000   Number         0  defsig_abrt_inner.o ABSOLUTE
    ../clib/signal.c                         0x00000000   Number         0  defsig_rtmem_formal.o ABSOLUTE
    ../clib/signal.c                         0x00000000   Number         0  defsig_stak_inner.o ABSOLUTE
    ../clib/signal.c                         0x00000000   Number         0  defsig_pvfn_inner.o ABSOLUTE
    ../clib/signal.c                         0x00000000   Number         0  defsig_cppl_inner.o ABSOLUTE
    ../clib/signal.c                         0x00000000   Number         0  defsig_segv_inner.o ABSOLUTE
    ../clib/signal.c                         0x00000000   Number         0  defsig_other.o ABSOLUTE
    ../clib/signal.c                         0x00000000   Number         0  defsig_exit.o ABSOLUTE
    ../clib/signal.c                         0x00000000   Number         0  defsig_rtmem_outer.o ABSOLUTE
    ../clib/signal.s                         0x00000000   Number         0  defsig.o ABSOLUTE
    ../clib/stdio.c                          0x00000000   Number         0  ferror.o ABSOLUTE
    ../clib/stdio.c                          0x00000000   Number         0  ferror_locked.o ABSOLUTE
    ../clib/stdlib.c                         0x00000000   Number         0  exit.o ABSOLUTE
    ../fplib/cfplib/cmpret.c                 0x00000000   Number         0  cmpret.o ABSOLUTE
    ../fplib/cfplib/dcmpin.c                 0x00000000   Number         0  dcmpin.o ABSOLUTE
    ../fplib/cfplib/dsqrt.c                  0x00000000   Number         0  dsqrt.o ABSOLUTE
    ../fplib/cfplib/fdiv.c                   0x00000000   Number         0  fdiv.o ABSOLUTE
    ../fplib/cfplib/ffix.c                   0x00000000   Number         0  ffixui.o ABSOLUTE
    ../fplib/cfplib/ffix.c                   0x00000000   Number         0  dfixui.o ABSOLUTE
    ../fplib/cfplib/fflt.c                   0x00000000   Number         0  dflti.o ABSOLUTE
    ../fplib/cfplib/fpinit.c                 0x00000000   Number         0  fpinit.o ABSOLUTE
    ../fplib/cfplib/nan2.c                   0x00000000   Number         0  dnan2.o ABSOLUTE
    ../fplib/cfplib/retnan.c                 0x00000000   Number         0  retnan.o ABSOLUTE
    ../fplib/dleqf6m.s                       0x00000000   Number         0  dlef.o ABSOLUTE
    ../fplib/fmul6m.s                        0x00000000   Number         0  fmul.o ABSOLUTE
    ../fplib/usenofp.s                       0x00000000   Number         0  usenofp.o ABSOLUTE
    ../mathlib/sqrt.c                        0x00000000   Number         0  sqrt.o ABSOLUTE
    ../mathlib/sqrt.c                        0x00000000   Number         0  sqrt_x.o ABSOLUTE
    ..\ST_Lib\src\stm32f0xx_adc.c            0x00000000   Number         0  stm32f0xx_adc.o ABSOLUTE
    ..\ST_Lib\src\stm32f0xx_dma.c            0x00000000   Number         0  stm32f0xx_dma.o ABSOLUTE
    ..\ST_Lib\src\stm32f0xx_exti.c           0x00000000   Number         0  stm32f0xx_exti.o ABSOLUTE
    ..\ST_Lib\src\stm32f0xx_gpio.c           0x00000000   Number         0  stm32f0xx_gpio.o ABSOLUTE
    ..\ST_Lib\src\stm32f0xx_iwdg.c           0x00000000   Number         0  stm32f0xx_iwdg.o ABSOLUTE
    ..\ST_Lib\src\stm32f0xx_misc.c           0x00000000   Number         0  stm32f0xx_misc.o ABSOLUTE
    ..\ST_Lib\src\stm32f0xx_rcc.c            0x00000000   Number         0  stm32f0xx_rcc.o ABSOLUTE
    ..\ST_Lib\src\stm32f0xx_syscfg.c         0x00000000   Number         0  stm32f0xx_syscfg.o ABSOLUTE
    ..\ST_Lib\src\stm32f0xx_tim.c            0x00000000   Number         0  stm32f0xx_tim.o ABSOLUTE
    ..\ST_Lib\src\stm32f0xx_usart.c          0x00000000   Number         0  stm32f0xx_usart.o ABSOLUTE
    ..\ST_Lib\src\stm32f0xx_wwdg.c           0x00000000   Number         0  stm32f0xx_wwdg.o ABSOLUTE
    ..\System\CMSIS\system_stm32f0xx.c       0x00000000   Number         0  system_stm32f0xx.o ABSOLUTE
    ..\System\startup\startup_stm32f0xx_ld.s 0x00000000   Number         0  startup_stm32f0xx_ld.o ABSOLUTE
    ..\User\LTC_IO.c                         0x00000000   Number         0  ltc_io.o ABSOLUTE
    ..\User\USART1.c                         0x00000000   Number         0  usart1.o ABSOLUTE
    ..\User\adc.c                            0x00000000   Number         0  adc.o ABSOLUTE
    ..\User\delay.c                          0x00000000   Number         0  delay.o ABSOLUTE
    ..\User\main.c                           0x00000000   Number         0  main.o ABSOLUTE
    ..\User\operation.c                      0x00000000   Number         0  operation.o ABSOLUTE
    ..\User\stm32f0xx_it.c                   0x00000000   Number         0  stm32f0xx_it.o ABSOLUTE
    ..\User\time.c                           0x00000000   Number         0  time.o ABSOLUTE
    ..\\ST_Lib\\src\\stm32f0xx_adc.c         0x00000000   Number         0  stm32f0xx_adc.o ABSOLUTE
    ..\\ST_Lib\\src\\stm32f0xx_dma.c         0x00000000   Number         0  stm32f0xx_dma.o ABSOLUTE
    ..\\ST_Lib\\src\\stm32f0xx_exti.c        0x00000000   Number         0  stm32f0xx_exti.o ABSOLUTE
    ..\\ST_Lib\\src\\stm32f0xx_gpio.c        0x00000000   Number         0  stm32f0xx_gpio.o ABSOLUTE
    ..\\ST_Lib\\src\\stm32f0xx_iwdg.c        0x00000000   Number         0  stm32f0xx_iwdg.o ABSOLUTE
    ..\\ST_Lib\\src\\stm32f0xx_misc.c        0x00000000   Number         0  stm32f0xx_misc.o ABSOLUTE
    ..\\ST_Lib\\src\\stm32f0xx_rcc.c         0x00000000   Number         0  stm32f0xx_rcc.o ABSOLUTE
    ..\\ST_Lib\\src\\stm32f0xx_syscfg.c      0x00000000   Number         0  stm32f0xx_syscfg.o ABSOLUTE
    ..\\ST_Lib\\src\\stm32f0xx_tim.c         0x00000000   Number         0  stm32f0xx_tim.o ABSOLUTE
    ..\\ST_Lib\\src\\stm32f0xx_usart.c       0x00000000   Number         0  stm32f0xx_usart.o ABSOLUTE
    ..\\ST_Lib\\src\\stm32f0xx_wwdg.c        0x00000000   Number         0  stm32f0xx_wwdg.o ABSOLUTE
    ..\\System\\CMSIS\\system_stm32f0xx.c    0x00000000   Number         0  system_stm32f0xx.o ABSOLUTE
    ..\\User\\LTC_IO.c                       0x00000000   Number         0  ltc_io.o ABSOLUTE
    ..\\User\\USART1.c                       0x00000000   Number         0  usart1.o ABSOLUTE
    ..\\User\\adc.c                          0x00000000   Number         0  adc.o ABSOLUTE
    ..\\User\\delay.c                        0x00000000   Number         0  delay.o ABSOLUTE
    ..\\User\\main.c                         0x00000000   Number         0  main.o ABSOLUTE
    ..\\User\\operation.c                    0x00000000   Number         0  operation.o ABSOLUTE
    ..\\User\\stm32f0xx_it.c                 0x00000000   Number         0  stm32f0xx_it.o ABSOLUTE
    ..\\User\\time.c                         0x00000000   Number         0  time.o ABSOLUTE
    dc.s                                     0x00000000   Number         0  dc.o ABSOLUTE
    RESET                                    0x08000000   Section      176  startup_stm32f0xx_ld.o(RESET)
    !!!main                                  0x080000b0   Section        8  __main.o(!!!main)
    !!!scatter                               0x080000b8   Section       60  __scatter.o(!!!scatter)
    !!handler_copy                           0x080000f4   Section       26  __scatter_copy.o(!!handler_copy)
    !!handler_zi                             0x08000110   Section       28  __scatter_zi.o(!!handler_zi)
    .ARM.Collect$$_printf_percent$$00000000  0x0800012c   Section        2  _printf_percent.o(.ARM.Collect$$_printf_percent$$00000000)
    .ARM.Collect$$_printf_percent$$00000009  0x0800012e   Section       10  _printf_d.o(.ARM.Collect$$_printf_percent$$00000009)
    .ARM.Collect$$_printf_percent$$00000017  0x08000138   Section        4  _printf_percent_end.o(.ARM.Collect$$_printf_percent$$00000017)
    .ARM.Collect$$libinit$$00000000          0x0800013c   Section        2  libinit.o(.ARM.Collect$$libinit$$00000000)
    .ARM.Collect$$libinit$$00000002          0x0800013e   Section        0  libinit2.o(.ARM.Collect$$libinit$$00000002)
    .ARM.Collect$$libinit$$00000004          0x0800013e   Section        0  libinit2.o(.ARM.Collect$$libinit$$00000004)
    .ARM.Collect$$libinit$$0000000A          0x0800013e   Section        0  libinit2.o(.ARM.Collect$$libinit$$0000000A)
    .ARM.Collect$$libinit$$0000000C          0x0800013e   Section        0  libinit2.o(.ARM.Collect$$libinit$$0000000C)
    .ARM.Collect$$libinit$$0000000E          0x0800013e   Section        0  libinit2.o(.ARM.Collect$$libinit$$0000000E)
    .ARM.Collect$$libinit$$00000011          0x0800013e   Section        0  libinit2.o(.ARM.Collect$$libinit$$00000011)
    .ARM.Collect$$libinit$$00000013          0x0800013e   Section        0  libinit2.o(.ARM.Collect$$libinit$$00000013)
    .ARM.Collect$$libinit$$00000015          0x0800013e   Section        0  libinit2.o(.ARM.Collect$$libinit$$00000015)
    .ARM.Collect$$libinit$$00000017          0x0800013e   Section        0  libinit2.o(.ARM.Collect$$libinit$$00000017)
    .ARM.Collect$$libinit$$00000019          0x0800013e   Section        0  libinit2.o(.ARM.Collect$$libinit$$00000019)
    .ARM.Collect$$libinit$$0000001B          0x0800013e   Section        0  libinit2.o(.ARM.Collect$$libinit$$0000001B)
    .ARM.Collect$$libinit$$0000001D          0x0800013e   Section        0  libinit2.o(.ARM.Collect$$libinit$$0000001D)
    .ARM.Collect$$libinit$$0000001F          0x0800013e   Section        0  libinit2.o(.ARM.Collect$$libinit$$0000001F)
    .ARM.Collect$$libinit$$00000021          0x0800013e   Section        0  libinit2.o(.ARM.Collect$$libinit$$00000021)
    .ARM.Collect$$libinit$$00000023          0x0800013e   Section        0  libinit2.o(.ARM.Collect$$libinit$$00000023)
    .ARM.Collect$$libinit$$00000025          0x0800013e   Section        0  libinit2.o(.ARM.Collect$$libinit$$00000025)
    .ARM.Collect$$libinit$$0000002C          0x0800013e   Section        0  libinit2.o(.ARM.Collect$$libinit$$0000002C)
    .ARM.Collect$$libinit$$0000002E          0x0800013e   Section        0  libinit2.o(.ARM.Collect$$libinit$$0000002E)
    .ARM.Collect$$libinit$$00000030          0x0800013e   Section        0  libinit2.o(.ARM.Collect$$libinit$$00000030)
    .ARM.Collect$$libinit$$00000032          0x0800013e   Section        0  libinit2.o(.ARM.Collect$$libinit$$00000032)
    .ARM.Collect$$libinit$$00000033          0x0800013e   Section        2  libinit2.o(.ARM.Collect$$libinit$$00000033)
    .ARM.Collect$$libshutdown$$00000000      0x08000140   Section        2  libshutdown.o(.ARM.Collect$$libshutdown$$00000000)
    .ARM.Collect$$libshutdown$$00000002      0x08000142   Section        0  libshutdown2.o(.ARM.Collect$$libshutdown$$00000002)
    .ARM.Collect$$libshutdown$$00000004      0x08000142   Section        0  libshutdown2.o(.ARM.Collect$$libshutdown$$00000004)
    .ARM.Collect$$libshutdown$$00000007      0x08000142   Section        0  libshutdown2.o(.ARM.Collect$$libshutdown$$00000007)
    .ARM.Collect$$libshutdown$$0000000A      0x08000142   Section        0  libshutdown2.o(.ARM.Collect$$libshutdown$$0000000A)
    .ARM.Collect$$libshutdown$$0000000C      0x08000142   Section        0  libshutdown2.o(.ARM.Collect$$libshutdown$$0000000C)
    .ARM.Collect$$libshutdown$$0000000F      0x08000142   Section        0  libshutdown2.o(.ARM.Collect$$libshutdown$$0000000F)
    .ARM.Collect$$libshutdown$$00000010      0x08000142   Section        2  libshutdown2.o(.ARM.Collect$$libshutdown$$00000010)
    .ARM.Collect$$rtentry$$00000000          0x08000144   Section        0  __rtentry.o(.ARM.Collect$$rtentry$$00000000)
    .ARM.Collect$$rtentry$$00000002          0x08000144   Section        0  __rtentry2.o(.ARM.Collect$$rtentry$$00000002)
    .ARM.Collect$$rtentry$$00000004          0x08000144   Section        6  __rtentry4.o(.ARM.Collect$$rtentry$$00000004)
    .ARM.Collect$$rtentry$$00000009          0x0800014a   Section        0  __rtentry2.o(.ARM.Collect$$rtentry$$00000009)
    .ARM.Collect$$rtentry$$0000000A          0x0800014a   Section        4  __rtentry2.o(.ARM.Collect$$rtentry$$0000000A)
    .ARM.Collect$$rtentry$$0000000C          0x0800014e   Section        0  __rtentry2.o(.ARM.Collect$$rtentry$$0000000C)
    .ARM.Collect$$rtentry$$0000000D          0x0800014e   Section        8  __rtentry2.o(.ARM.Collect$$rtentry$$0000000D)
    .ARM.Collect$$rtexit$$00000000           0x08000156   Section        2  rtexit.o(.ARM.Collect$$rtexit$$00000000)
    .ARM.Collect$$rtexit$$00000002           0x08000158   Section        0  rtexit2.o(.ARM.Collect$$rtexit$$00000002)
    .ARM.Collect$$rtexit$$00000003           0x08000158   Section        4  rtexit2.o(.ARM.Collect$$rtexit$$00000003)
    .ARM.Collect$$rtexit$$00000004           0x0800015c   Section        6  rtexit2.o(.ARM.Collect$$rtexit$$00000004)
    .text                                    0x08000164   Section        0  main.o(.text)
    SetSysClock                              0x0800037f   Thumb Code   116  main.o(.text)
    .text                                    0x080004b4   Section        0  time.o(.text)
    .text                                    0x08000644   Section        0  adc.o(.text)
    .text                                    0x080007b0   Section        0  stm32f0xx_it.o(.text)
    .text                                    0x08000904   Section        0  usart1.o(.text)
    .text                                    0x080009a8   Section        0  ltc_io.o(.text)
    .text                                    0x08000aa4   Section        0  delay.o(.text)
    .text                                    0x08000b24   Section        0  operation.o(.text)
    .text                                    0x08000f64   Section        0  stm32f0xx_iwdg.o(.text)
    .text                                    0x08000fa8   Section        0  stm32f0xx_gpio.o(.text)
    .text                                    0x08001104   Section        0  stm32f0xx_rcc.o(.text)
    .text                                    0x08001510   Section        0  stm32f0xx_tim.o(.text)
    TI2_Config                               0x08001af5   Thumb Code    42  stm32f0xx_tim.o(.text)
    TI1_Config                               0x08001b2f   Thumb Code    40  stm32f0xx_tim.o(.text)
    .text                                    0x08001e2c   Section        0  stm32f0xx_misc.o(.text)
    .text                                    0x08001ea8   Section        0  stm32f0xx_adc.o(.text)
    .text                                    0x080020cc   Section        0  stm32f0xx_dma.o(.text)
    .text                                    0x080021f0   Section        0  stm32f0xx_usart.o(.text)
    .text                                    0x08002654   Section        0  stm32f0xx_exti.o(.text)
    .text                                    0x08002728   Section       56  startup_stm32f0xx_ld.o(.text)
    .text                                    0x08002760   Section        0  system_stm32f0xx.o(.text)
    SetSysClock                              0x08002761   Thumb Code   150  system_stm32f0xx.o(.text)
    .text                                    0x080028bc   Section        2  use_no_semi_2.o(.text)
    .text                                    0x080028c0   Section        0  noretval__2printf.o(.text)
    .text                                    0x080028dc   Section        0  __printf.o(.text)
    .text                                    0x08002948   Section        0  _printf_dec.o(.text)
    .text                                    0x080029b4   Section      346  aeabi_sdiv.o(.text)
    .text                                    0x08002b0e   Section        0  heapauxi.o(.text)
    .text                                    0x08002b14   Section        0  dfixui.o(.text)
    .text                                    0x08002b5c   Section        0  dflti.o(.text)
    .text                                    0x08002bb4   Section        0  fdiv.o(.text)
    .text                                    0x08002d14   Section        0  ffixui.o(.text)
    .text                                    0x08002d44   Section        2  use_no_semi.o(.text)
    .text                                    0x08002d46   Section        0  _rserrno.o(.text)
    .text                                    0x08002d5c   Section        0  _printf_intcommon.o(.text)
    .text                                    0x08002e0c   Section        0  _printf_char_file.o(.text)
    .text                                    0x08002e34   Section        0  rtudiv10.o(.text)
    .text                                    0x08002e5c   Section        0  dsqrt.o(.text)
    .text                                    0x08002f5c   Section        8  rt_errno_addr_intlibspace.o(.text)
    .text                                    0x08002f64   Section        0  _printf_char_common.o(.text)
    _printf_input_char                       0x08002f65   Thumb Code    10  _printf_char_common.o(.text)
    .text                                    0x08002f94   Section        0  ferror.o(.text)
    .text                                    0x08002f9c   Section        8  libspace.o(.text)
    .text                                    0x08002fa4   Section       62  sys_stackheap_outer.o(.text)
    .text                                    0x08002fe2   Section        0  exit.o(.text)
    i.sqrt                                   0x08002ff4   Section        0  sqrt.o(i.sqrt)
    x$fpl$fmul                               0x0800303c   Section      176  fmul.o(x$fpl$fmul)
    .constdata                               0x080030ec   Section     1640  operation.o(.constdata)
    x$fpl$usenofp                            0x080030ec   Section        0  usenofp.o(x$fpl$usenofp)
    .constdata                               0x08003754   Section       64  fdiv.o(.constdata)
    fdiv_tab                                 0x08003754   Data          64  fdiv.o(.constdata)
    .data                                    0x20000000   Section        1  main.o(.data)
    .data                                    0x20000004   Section       16  main.o(.data)
    .data                                    0x20000014   Section       16  stm32f0xx_it.o(.data)
    .data                                    0x20000024   Section        4  usart1.o(.data)
    .data                                    0x20000028   Section        4  delay.o(.data)
    .data                                    0x2000002c   Section       52  operation.o(.data)
    .data                                    0x20000060   Section       16  stm32f0xx_rcc.o(.data)
    APBAHBPrescTable                         0x20000060   Data          16  stm32f0xx_rcc.o(.data)
    .data                                    0x20000070   Section       20  system_stm32f0xx.o(.data)
    .bss                                     0x20000084   Section       12  adc.o(.bss)
    .bss                                     0x20000090   Section       32  stm32f0xx_it.o(.bss)
    .bss                                     0x200000b0   Section       96  libspace.o(.bss)
    HEAP                                     0x20000110   Section      512  startup_stm32f0xx_ld.o(HEAP)
    Heap_Mem                                 0x20000110   Data         512  startup_stm32f0xx_ld.o(HEAP)
    STACK                                    0x20000310   Section     1024  startup_stm32f0xx_ld.o(STACK)
    Stack_Mem                                0x20000310   Data        1024  startup_stm32f0xx_ld.o(STACK)
    __initial_sp                             0x20000710   Data           0  startup_stm32f0xx_ld.o(STACK)

    Global Symbols

    Symbol Name                              Value     Ov Type        Size  Object(Section)

    BuildAttributes$$THM_ISAv3M$S$PE$A:L22$X:L11$S22$IEEE1$IW$USESV6$~STKCKD$USESV7$~SHL$OTIME$ROPI$IEEEJ$EBA8$UX$STANDARDLIB$REQ8$PRES8$EABIv2 0x00000000   Number         0  anon$$obj.o ABSOLUTE
    __ARM_use_no_argv                        0x00000000   Number         0  main.o ABSOLUTE
    __ARM_exceptions_init                     - Undefined Weak Reference
    __alloca_initialize                       - Undefined Weak Reference
    __arm_preinit_                            - Undefined Weak Reference
    __cpp_initialize__aeabi_                  - Undefined Weak Reference
    __cxa_finalize                            - Undefined Weak Reference
    __rt_locale                               - Undefined Weak Reference
    __sigvec_lookup                           - Undefined Weak Reference
    _atexit_init                              - Undefined Weak Reference
    _call_atexit_fns                          - Undefined Weak Reference
    _clock_init                               - Undefined Weak Reference
    _fp_trap_init                             - Undefined Weak Reference
    _fp_trap_shutdown                         - Undefined Weak Reference
    _get_lc_collate                           - Undefined Weak Reference
    _get_lc_ctype                             - Undefined Weak Reference
    _get_lc_monetary                          - Undefined Weak Reference
    _get_lc_numeric                           - Undefined Weak Reference
    _get_lc_time                              - Undefined Weak Reference
    _getenv_init                              - Undefined Weak Reference
    _handle_redirection                       - Undefined Weak Reference
    _init_alloc                               - Undefined Weak Reference
    _init_user_alloc                          - Undefined Weak Reference
    _initio                                   - Undefined Weak Reference
    _mutex_acquire                            - Undefined Weak Reference
    _mutex_release                            - Undefined Weak Reference
    _printf_post_padding                      - Undefined Weak Reference
    _printf_pre_padding                       - Undefined Weak Reference
    _printf_truncate_signed                   - Undefined Weak Reference
    _printf_truncate_unsigned                 - Undefined Weak Reference
    _rand_init                                - Undefined Weak Reference
    _signal_finish                            - Undefined Weak Reference
    _signal_init                              - Undefined Weak Reference
    _terminate_alloc                          - Undefined Weak Reference
    _terminate_user_alloc                     - Undefined Weak Reference
    _terminateio                              - Undefined Weak Reference
    __Vectors_Size                           0x000000b0   Number         0  startup_stm32f0xx_ld.o ABSOLUTE
    __Vectors                                0x08000000   Data           4  startup_stm32f0xx_ld.o(RESET)
    __Vectors_End                            0x080000b0   Data           0  startup_stm32f0xx_ld.o(RESET)
    __main                                   0x080000b1   Thumb Code     8  __main.o(!!!main)
    __scatterload                            0x080000b9   Thumb Code     0  __scatter.o(!!!scatter)
    __scatterload_rt2                        0x080000b9   Thumb Code    52  __scatter.o(!!!scatter)
    __scatterload_rt2_thumb_only             0x080000b9   Thumb Code     0  __scatter.o(!!!scatter)
    __scatterload_null                       0x080000c9   Thumb Code     0  __scatter.o(!!!scatter)
    __scatterload_copy                       0x080000f5   Thumb Code    26  __scatter_copy.o(!!handler_copy)
    __scatterload_zeroinit                   0x08000111   Thumb Code    28  __scatter_zi.o(!!handler_zi)
    _printf_percent                          0x0800012d   Thumb Code     0  _printf_percent.o(.ARM.Collect$$_printf_percent$$00000000)
    _printf_d                                0x0800012f   Thumb Code     0  _printf_d.o(.ARM.Collect$$_printf_percent$$00000009)
    _printf_percent_end                      0x08000139   Thumb Code     0  _printf_percent_end.o(.ARM.Collect$$_printf_percent$$00000017)
    __rt_lib_init                            0x0800013d   Thumb Code     0  libinit.o(.ARM.Collect$$libinit$$00000000)
    __rt_lib_init_alloca_1                   0x0800013f   Thumb Code     0  libinit2.o(.ARM.Collect$$libinit$$0000002E)
    __rt_lib_init_argv_1                     0x0800013f   Thumb Code     0  libinit2.o(.ARM.Collect$$libinit$$0000002C)
    __rt_lib_init_atexit_1                   0x0800013f   Thumb Code     0  libinit2.o(.ARM.Collect$$libinit$$0000001B)
    __rt_lib_init_clock_1                    0x0800013f   Thumb Code     0  libinit2.o(.ARM.Collect$$libinit$$00000021)
    __rt_lib_init_cpp_1                      0x0800013f   Thumb Code     0  libinit2.o(.ARM.Collect$$libinit$$00000032)
    __rt_lib_init_exceptions_1               0x0800013f   Thumb Code     0  libinit2.o(.ARM.Collect$$libinit$$00000030)
    __rt_lib_init_fp_1                       0x0800013f   Thumb Code     0  libinit2.o(.ARM.Collect$$libinit$$00000002)
    __rt_lib_init_fp_trap_1                  0x0800013f   Thumb Code     0  libinit2.o(.ARM.Collect$$libinit$$0000001F)
    __rt_lib_init_getenv_1                   0x0800013f   Thumb Code     0  libinit2.o(.ARM.Collect$$libinit$$00000023)
    __rt_lib_init_heap_1                     0x0800013f   Thumb Code     0  libinit2.o(.ARM.Collect$$libinit$$0000000A)
    __rt_lib_init_lc_collate_1               0x0800013f   Thumb Code     0  libinit2.o(.ARM.Collect$$libinit$$00000011)
    __rt_lib_init_lc_ctype_1                 0x0800013f   Thumb Code     0  libinit2.o(.ARM.Collect$$libinit$$00000013)
    __rt_lib_init_lc_monetary_1              0x0800013f   Thumb Code     0  libinit2.o(.ARM.Collect$$libinit$$00000015)
    __rt_lib_init_lc_numeric_1               0x0800013f   Thumb Code     0  libinit2.o(.ARM.Collect$$libinit$$00000017)
    __rt_lib_init_lc_time_1                  0x0800013f   Thumb Code     0  libinit2.o(.ARM.Collect$$libinit$$00000019)
    __rt_lib_init_preinit_1                  0x0800013f   Thumb Code     0  libinit2.o(.ARM.Collect$$libinit$$00000004)
    __rt_lib_init_rand_1                     0x0800013f   Thumb Code     0  libinit2.o(.ARM.Collect$$libinit$$0000000E)
    __rt_lib_init_return                     0x0800013f   Thumb Code     0  libinit2.o(.ARM.Collect$$libinit$$00000033)
    __rt_lib_init_signal_1                   0x0800013f   Thumb Code     0  libinit2.o(.ARM.Collect$$libinit$$0000001D)
    __rt_lib_init_stdio_1                    0x0800013f   Thumb Code     0  libinit2.o(.ARM.Collect$$libinit$$00000025)
    __rt_lib_init_user_alloc_1               0x0800013f   Thumb Code     0  libinit2.o(.ARM.Collect$$libinit$$0000000C)
    __rt_lib_shutdown                        0x08000141   Thumb Code     0  libshutdown.o(.ARM.Collect$$libshutdown$$00000000)
    __rt_lib_shutdown_cpp_1                  0x08000143   Thumb Code     0  libshutdown2.o(.ARM.Collect$$libshutdown$$00000002)
    __rt_lib_shutdown_fp_trap_1              0x08000143   Thumb Code     0  libshutdown2.o(.ARM.Collect$$libshutdown$$00000007)
    __rt_lib_shutdown_heap_1                 0x08000143   Thumb Code     0  libshutdown2.o(.ARM.Collect$$libshutdown$$0000000F)
    __rt_lib_shutdown_return                 0x08000143   Thumb Code     0  libshutdown2.o(.ARM.Collect$$libshutdown$$00000010)
    __rt_lib_shutdown_signal_1               0x08000143   Thumb Code     0  libshutdown2.o(.ARM.Collect$$libshutdown$$0000000A)
    __rt_lib_shutdown_stdio_1                0x08000143   Thumb Code     0  libshutdown2.o(.ARM.Collect$$libshutdown$$00000004)
    __rt_lib_shutdown_user_alloc_1           0x08000143   Thumb Code     0  libshutdown2.o(.ARM.Collect$$libshutdown$$0000000C)
    __rt_entry                               0x08000145   Thumb Code     0  __rtentry.o(.ARM.Collect$$rtentry$$00000000)
    __rt_entry_presh_1                       0x08000145   Thumb Code     0  __rtentry2.o(.ARM.Collect$$rtentry$$00000002)
    __rt_entry_sh                            0x08000145   Thumb Code     0  __rtentry4.o(.ARM.Collect$$rtentry$$00000004)
    __rt_entry_li                            0x0800014b   Thumb Code     0  __rtentry2.o(.ARM.Collect$$rtentry$$0000000A)
    __rt_entry_postsh_1                      0x0800014b   Thumb Code     0  __rtentry2.o(.ARM.Collect$$rtentry$$00000009)
    __rt_entry_main                          0x0800014f   Thumb Code     0  __rtentry2.o(.ARM.Collect$$rtentry$$0000000D)
    __rt_entry_postli_1                      0x0800014f   Thumb Code     0  __rtentry2.o(.ARM.Collect$$rtentry$$0000000C)
    __rt_exit                                0x08000157   Thumb Code     0  rtexit.o(.ARM.Collect$$rtexit$$00000000)
    __rt_exit_ls                             0x08000159   Thumb Code     0  rtexit2.o(.ARM.Collect$$rtexit$$00000003)
    __rt_exit_prels_1                        0x08000159   Thumb Code     0  rtexit2.o(.ARM.Collect$$rtexit$$00000002)
    __rt_exit_exit                           0x0800015d   Thumb Code     0  rtexit2.o(.ARM.Collect$$rtexit$$00000004)
    delay_1uS                                0x08000165   Thumb Code    16  main.o(.text)
    delay_1mS                                0x08000175   Thumb Code     8  main.o(.text)
    delay_1S                                 0x0800017d   Thumb Code     8  main.o(.text)
    delay_1H                                 0x08000185   Thumb Code     8  main.o(.text)
    send_data_to_serial_port                 0x0800018d   Thumb Code    80  main.o(.text)
    IWDG_Init                                0x080001dd   Thumb Code    30  main.o(.text)
    system_init                              0x080001fb   Thumb Code    58  main.o(.text)
    main                                     0x08000235   Thumb Code   330  main.o(.text)
    TIM1_Config                              0x080004b5   Thumb Code    68  time.o(.text)
    TIM3_GPIO_Config                         0x080004f9   Thumb Code    48  time.o(.text)
    TIM3_PWM_Config                          0x08000529   Thumb Code   122  time.o(.text)
    TIM14_PWM_Config                         0x080005a3   Thumb Code   112  time.o(.text)
    dimming_control                          0x08000613   Thumb Code    16  time.o(.text)
    boost_pwm_control                        0x08000623   Thumb Code    16  time.o(.text)
    ADC_IO_Init                              0x08000645   Thumb Code    92  adc.o(.text)
    ADC1_CH_DMA_Config                       0x080006a1   Thumb Code   250  adc.o(.text)
    NMI_Handler                              0x080007b1   Thumb Code     2  stm32f0xx_it.o(.text)
    HardFault_Handler                        0x080007b3   Thumb Code     2  stm32f0xx_it.o(.text)
    SVC_Handler                              0x080007b5   Thumb Code     2  stm32f0xx_it.o(.text)
    PendSV_Handler                           0x080007b7   Thumb Code     2  stm32f0xx_it.o(.text)
    SysTick_Handler                          0x080007b9   Thumb Code     2  stm32f0xx_it.o(.text)
    EXTI2_3_IRQHandler                       0x080007bb   Thumb Code    40  stm32f0xx_it.o(.text)
    TIM1_BRK_UP_TRG_COM_IRQHandler           0x080007e3   Thumb Code   166  stm32f0xx_it.o(.text)
    TIM3_IRQHandler                          0x08000889   Thumb Code    22  stm32f0xx_it.o(.text)
    TIM14_IRQHandler                         0x0800089f   Thumb Code    22  stm32f0xx_it.o(.text)
    USART1_IRQHandler                        0x080008b5   Thumb Code    30  stm32f0xx_it.o(.text)
    _sys_exit                                0x08000905   Thumb Code     2  usart1.o(.text)
    fputc                                    0x08000907   Thumb Code    16  usart1.o(.text)
    USART1_Init                              0x08000917   Thumb Code   138  usart1.o(.text)
    LTC_IO_Init                              0x080009a9   Thumb Code    82  ltc_io.o(.text)
    LED_ON                                   0x080009fb   Thumb Code    14  ltc_io.o(.text)
    LED_OFF                                  0x08000a09   Thumb Code    14  ltc_io.o(.text)
    set_relay_open_coil                      0x08000a17   Thumb Code    12  ltc_io.o(.text)
    clr_relay_open_coil                      0x08000a23   Thumb Code    12  ltc_io.o(.text)
    set_relay_close_coil                     0x08000a2f   Thumb Code    14  ltc_io.o(.text)
    clr_relay_close_coil                     0x08000a3d   Thumb Code    14  ltc_io.o(.text)
    heart_beat_led_on                        0x08000a4b   Thumb Code    14  ltc_io.o(.text)
    heart_beat_led_off                       0x08000a59   Thumb Code    14  ltc_io.o(.text)
    fuse_open_enable                         0x08000a67   Thumb Code    14  ltc_io.o(.text)
    fuse_open_disable                        0x08000a75   Thumb Code    14  ltc_io.o(.text)
    fault_detect                             0x08000a83   Thumb Code    22  ltc_io.o(.text)
    delay_ms                                 0x08000aa5   Thumb Code    46  delay.o(.text)
    Delay_Init                               0x08000ad3   Thumb Code    34  delay.o(.text)
    delay_us                                 0x08000af5   Thumb Code    38  delay.o(.text)
    find_dimming_val                         0x08000b25   Thumb Code   200  operation.o(.text)
    update_led_dimming_control               0x08000bed   Thumb Code   128  operation.o(.text)
    update_boost_PWM_control                 0x08000c6d   Thumb Code    88  operation.o(.text)
    update_stability_res_control             0x08000cc5   Thumb Code    86  operation.o(.text)
    update_mcu_temperature_val               0x08000d1b   Thumb Code    86  operation.o(.text)
    update_vcc_volt_measure                  0x08000d71   Thumb Code    74  operation.o(.text)
    update_CCR_current_val                   0x08000dbb   Thumb Code     2  operation.o(.text)
    check_over_load                          0x08000dbd   Thumb Code    18  operation.o(.text)
    update_fault_detect_a_volt               0x08000dcf   Thumb Code    84  operation.o(.text)
    update_fault_detect_b_volt               0x08000e23   Thumb Code    84  operation.o(.text)
    check_fault_detect                       0x08000e77   Thumb Code   114  operation.o(.text)
    update_relay_control                     0x08000ee9   Thumb Code   124  operation.o(.text)
    IWDG_WriteAccessCmd                      0x08000f65   Thumb Code     6  stm32f0xx_iwdg.o(.text)
    IWDG_SetPrescaler                        0x08000f6b   Thumb Code     6  stm32f0xx_iwdg.o(.text)
    IWDG_SetReload                           0x08000f71   Thumb Code     6  stm32f0xx_iwdg.o(.text)
    IWDG_ReloadCounter                       0x08000f77   Thumb Code     8  stm32f0xx_iwdg.o(.text)
    IWDG_SetWindowValue                      0x08000f7f   Thumb Code     6  stm32f0xx_iwdg.o(.text)
    IWDG_Enable                              0x08000f85   Thumb Code     8  stm32f0xx_iwdg.o(.text)
    IWDG_GetFlagStatus                       0x08000f8d   Thumb Code    16  stm32f0xx_iwdg.o(.text)
    GPIO_DeInit                              0x08000fa9   Thumb Code    78  stm32f0xx_gpio.o(.text)
    GPIO_Init                                0x08000ff7   Thumb Code   112  stm32f0xx_gpio.o(.text)
    GPIO_StructInit                          0x08001067   Thumb Code    18  stm32f0xx_gpio.o(.text)
    GPIO_PinLockConfig                       0x08001079   Thumb Code    26  stm32f0xx_gpio.o(.text)
    GPIO_ReadInputDataBit                    0x08001093   Thumb Code    14  stm32f0xx_gpio.o(.text)
    GPIO_ReadInputData                       0x080010a1   Thumb Code     4  stm32f0xx_gpio.o(.text)
    GPIO_ReadOutputDataBit                   0x080010a5   Thumb Code    14  stm32f0xx_gpio.o(.text)
    GPIO_ReadOutputData                      0x080010b3   Thumb Code     4  stm32f0xx_gpio.o(.text)
    GPIO_SetBits                             0x080010b7   Thumb Code     4  stm32f0xx_gpio.o(.text)
    GPIO_ResetBits                           0x080010bb   Thumb Code     4  stm32f0xx_gpio.o(.text)
    GPIO_WriteBit                            0x080010bf   Thumb Code    12  stm32f0xx_gpio.o(.text)
    GPIO_Write                               0x080010cb   Thumb Code     4  stm32f0xx_gpio.o(.text)
    GPIO_PinAFConfig                         0x080010cf   Thumb Code    32  stm32f0xx_gpio.o(.text)
    RCC_DeInit                               0x08001105   Thumb Code    78  stm32f0xx_rcc.o(.text)
    RCC_HSEConfig                            0x08001153   Thumb Code    10  stm32f0xx_rcc.o(.text)
    RCC_GetFlagStatus                        0x0800115d   Thumb Code    48  stm32f0xx_rcc.o(.text)
    RCC_WaitForHSEStartUp                    0x0800118d   Thumb Code    44  stm32f0xx_rcc.o(.text)
    RCC_AdjustHSICalibrationValue            0x080011b9   Thumb Code    16  stm32f0xx_rcc.o(.text)
    RCC_HSICmd                               0x080011c9   Thumb Code    22  stm32f0xx_rcc.o(.text)
    RCC_AdjustHSI14CalibrationValue          0x080011df   Thumb Code    16  stm32f0xx_rcc.o(.text)
    RCC_HSI14Cmd                             0x080011ef   Thumb Code    22  stm32f0xx_rcc.o(.text)
    RCC_HSI14ADCRequestCmd                   0x08001205   Thumb Code    20  stm32f0xx_rcc.o(.text)
    RCC_LSEConfig                            0x08001219   Thumb Code    26  stm32f0xx_rcc.o(.text)
    RCC_LSEDriveConfig                       0x08001233   Thumb Code    18  stm32f0xx_rcc.o(.text)
    RCC_LSICmd                               0x08001245   Thumb Code    22  stm32f0xx_rcc.o(.text)
    RCC_PLLConfig                            0x0800125b   Thumb Code    24  stm32f0xx_rcc.o(.text)
    RCC_PLLCmd                               0x08001273   Thumb Code    22  stm32f0xx_rcc.o(.text)
    RCC_PREDIV1Config                        0x08001289   Thumb Code    14  stm32f0xx_rcc.o(.text)
    RCC_ClockSecuritySystemCmd               0x08001297   Thumb Code    22  stm32f0xx_rcc.o(.text)
    RCC_MCOConfig                            0x080012ad   Thumb Code     6  stm32f0xx_rcc.o(.text)
    RCC_SYSCLKConfig                         0x080012b3   Thumb Code    14  stm32f0xx_rcc.o(.text)
    RCC_GetSYSCLKSource                      0x080012c1   Thumb Code    10  stm32f0xx_rcc.o(.text)
    RCC_HCLKConfig                           0x080012cb   Thumb Code    14  stm32f0xx_rcc.o(.text)
    RCC_PCLKConfig                           0x080012d9   Thumb Code    16  stm32f0xx_rcc.o(.text)
    RCC_ADCCLKConfig                         0x080012e9   Thumb Code    38  stm32f0xx_rcc.o(.text)
    RCC_CECCLKConfig                         0x0800130f   Thumb Code    18  stm32f0xx_rcc.o(.text)
    RCC_I2CCLKConfig                         0x08001321   Thumb Code    18  stm32f0xx_rcc.o(.text)
    RCC_USARTCLKConfig                       0x08001333   Thumb Code    18  stm32f0xx_rcc.o(.text)
    RCC_GetClocksFreq                        0x08001345   Thumb Code   208  stm32f0xx_rcc.o(.text)
    RCC_RTCCLKConfig                         0x08001415   Thumb Code    10  stm32f0xx_rcc.o(.text)
    RCC_RTCCLKCmd                            0x0800141f   Thumb Code    20  stm32f0xx_rcc.o(.text)
    RCC_BackupResetCmd                       0x08001433   Thumb Code    22  stm32f0xx_rcc.o(.text)
    RCC_AHBPeriphClockCmd                    0x08001449   Thumb Code    18  stm32f0xx_rcc.o(.text)
    RCC_APB2PeriphClockCmd                   0x0800145b   Thumb Code    18  stm32f0xx_rcc.o(.text)
    RCC_APB1PeriphClockCmd                   0x0800146d   Thumb Code    18  stm32f0xx_rcc.o(.text)
    RCC_AHBPeriphResetCmd                    0x0800147f   Thumb Code    18  stm32f0xx_rcc.o(.text)
    RCC_APB2PeriphResetCmd                   0x08001491   Thumb Code    18  stm32f0xx_rcc.o(.text)
    RCC_APB1PeriphResetCmd                   0x080014a3   Thumb Code    18  stm32f0xx_rcc.o(.text)
    RCC_ITConfig                             0x080014b5   Thumb Code    18  stm32f0xx_rcc.o(.text)
    RCC_ClearFlag                            0x080014c7   Thumb Code    14  stm32f0xx_rcc.o(.text)
    RCC_GetITStatus                          0x080014d5   Thumb Code    48  stm32f0xx_rcc.o(.text)
    RCC_ClearITPendingBit                    0x08001505   Thumb Code     6  stm32f0xx_rcc.o(.text)
    TIM_DeInit                               0x08001511   Thumb Code   152  stm32f0xx_tim.o(.text)
    TIM_TimeBaseInit                         0x080015a9   Thumb Code    88  stm32f0xx_tim.o(.text)
    TIM_TimeBaseStructInit                   0x08001601   Thumb Code    18  stm32f0xx_tim.o(.text)
    TIM_PrescalerConfig                      0x08001613   Thumb Code     6  stm32f0xx_tim.o(.text)
    TIM_CounterModeConfig                    0x08001619   Thumb Code    12  stm32f0xx_tim.o(.text)
    TIM_SetCounter                           0x08001625   Thumb Code     4  stm32f0xx_tim.o(.text)
    TIM_SetAutoreload                        0x08001629   Thumb Code     4  stm32f0xx_tim.o(.text)
    TIM_GetCounter                           0x0800162d   Thumb Code     4  stm32f0xx_tim.o(.text)
    TIM_GetPrescaler                         0x08001631   Thumb Code     4  stm32f0xx_tim.o(.text)
    TIM_UpdateDisableConfig                  0x08001635   Thumb Code    18  stm32f0xx_tim.o(.text)
    TIM_UpdateRequestConfig                  0x08001647   Thumb Code    18  stm32f0xx_tim.o(.text)
    TIM_ARRPreloadConfig                     0x08001659   Thumb Code    18  stm32f0xx_tim.o(.text)
    TIM_SelectOnePulseMode                   0x0800166b   Thumb Code    16  stm32f0xx_tim.o(.text)
    TIM_SetClockDivision                     0x0800167b   Thumb Code    16  stm32f0xx_tim.o(.text)
    TIM_Cmd                                  0x0800168b   Thumb Code    20  stm32f0xx_tim.o(.text)
    TIM_BDTRConfig                           0x0800169f   Thumb Code    34  stm32f0xx_tim.o(.text)
    TIM_BDTRStructInit                       0x080016c1   Thumb Code    18  stm32f0xx_tim.o(.text)
    TIM_CtrlPWMOutputs                       0x080016d3   Thumb Code    24  stm32f0xx_tim.o(.text)
    TIM_OC1Init                              0x080016eb   Thumb Code   104  stm32f0xx_tim.o(.text)
    TIM_OC2Init                              0x08001753   Thumb Code   110  stm32f0xx_tim.o(.text)
    TIM_OC3Init                              0x080017c1   Thumb Code   110  stm32f0xx_tim.o(.text)
    TIM_OC4Init                              0x0800182f   Thumb Code    78  stm32f0xx_tim.o(.text)
    TIM_OCStructInit                         0x0800187d   Thumb Code    20  stm32f0xx_tim.o(.text)
    TIM_SelectOCxM                           0x08001891   Thumb Code    70  stm32f0xx_tim.o(.text)
    TIM_SetCompare1                          0x080018d7   Thumb Code     4  stm32f0xx_tim.o(.text)
    TIM_SetCompare2                          0x080018db   Thumb Code     4  stm32f0xx_tim.o(.text)
    TIM_SetCompare3                          0x080018df   Thumb Code     4  stm32f0xx_tim.o(.text)
    TIM_SetCompare4                          0x080018e3   Thumb Code     4  stm32f0xx_tim.o(.text)
    TIM_ForcedOC1Config                      0x080018e7   Thumb Code    86  stm32f0xx_tim.o(.text)
    TIM_ForcedOC2Config                      0x0800193d   Thumb Code    14  stm32f0xx_tim.o(.text)
    TIM_ForcedOC3Config                      0x0800194b   Thumb Code    12  stm32f0xx_tim.o(.text)
    TIM_ForcedOC4Config                      0x08001957   Thumb Code    14  stm32f0xx_tim.o(.text)
    TIM_CCPreloadControl                     0x08001965   Thumb Code    20  stm32f0xx_tim.o(.text)
    TIM_OC1PreloadConfig                     0x08001979   Thumb Code    12  stm32f0xx_tim.o(.text)
    TIM_OC2PreloadConfig                     0x08001985   Thumb Code    14  stm32f0xx_tim.o(.text)
    TIM_OC3PreloadConfig                     0x08001993   Thumb Code    12  stm32f0xx_tim.o(.text)
    TIM_OC4PreloadConfig                     0x0800199f   Thumb Code    14  stm32f0xx_tim.o(.text)
    TIM_OC1FastConfig                        0x080019ad   Thumb Code    12  stm32f0xx_tim.o(.text)
    TIM_OC2FastConfig                        0x080019b9   Thumb Code    14  stm32f0xx_tim.o(.text)
    TIM_OC3FastConfig                        0x080019c7   Thumb Code    12  stm32f0xx_tim.o(.text)
    TIM_OC4FastConfig                        0x080019d3   Thumb Code    14  stm32f0xx_tim.o(.text)
    TIM_ClearOC1Ref                          0x080019e1   Thumb Code    12  stm32f0xx_tim.o(.text)
    TIM_ClearOC2Ref                          0x080019ed   Thumb Code    14  stm32f0xx_tim.o(.text)
    TIM_ClearOC3Ref                          0x080019fb   Thumb Code    12  stm32f0xx_tim.o(.text)
    TIM_ClearOC4Ref                          0x08001a07   Thumb Code    14  stm32f0xx_tim.o(.text)
    TIM_OC1PolarityConfig                    0x08001a15   Thumb Code    12  stm32f0xx_tim.o(.text)
    TIM_OC1NPolarityConfig                   0x08001a21   Thumb Code    12  stm32f0xx_tim.o(.text)
    TIM_OC2PolarityConfig                    0x08001a2d   Thumb Code    14  stm32f0xx_tim.o(.text)
    TIM_OC2NPolarityConfig                   0x08001a3b   Thumb Code    14  stm32f0xx_tim.o(.text)
    TIM_OC3PolarityConfig                    0x08001a49   Thumb Code    14  stm32f0xx_tim.o(.text)
    TIM_OC3NPolarityConfig                   0x08001a57   Thumb Code    14  stm32f0xx_tim.o(.text)
    TIM_OC4PolarityConfig                    0x08001a65   Thumb Code    14  stm32f0xx_tim.o(.text)
    TIM_SelectOCREFClear                     0x08001a73   Thumb Code    16  stm32f0xx_tim.o(.text)
    TIM_CCxCmd                               0x08001a83   Thumb Code    22  stm32f0xx_tim.o(.text)
    TIM_CCxNCmd                              0x08001a99   Thumb Code    22  stm32f0xx_tim.o(.text)
    TIM_SelectCOM                            0x08001aaf   Thumb Code    18  stm32f0xx_tim.o(.text)
    TIM_SetIC4Prescaler                      0x08001ac1   Thumb Code    18  stm32f0xx_tim.o(.text)
    TIM_SetIC3Prescaler                      0x08001ad3   Thumb Code    16  stm32f0xx_tim.o(.text)
    TIM_SetIC2Prescaler                      0x08001ae3   Thumb Code    18  stm32f0xx_tim.o(.text)
    TIM_SetIC1Prescaler                      0x08001b1f   Thumb Code    16  stm32f0xx_tim.o(.text)
    TIM_ICInit                               0x08001b57   Thumb Code   162  stm32f0xx_tim.o(.text)
    TIM_ICStructInit                         0x08001bf9   Thumb Code    16  stm32f0xx_tim.o(.text)
    TIM_PWMIConfig                           0x08001c09   Thumb Code   104  stm32f0xx_tim.o(.text)
    TIM_GetCapture1                          0x08001c71   Thumb Code     4  stm32f0xx_tim.o(.text)
    TIM_GetCapture2                          0x08001c75   Thumb Code     4  stm32f0xx_tim.o(.text)
    TIM_GetCapture3                          0x08001c79   Thumb Code     4  stm32f0xx_tim.o(.text)
    TIM_GetCapture4                          0x08001c7d   Thumb Code     4  stm32f0xx_tim.o(.text)
    TIM_ITConfig                             0x08001c81   Thumb Code    16  stm32f0xx_tim.o(.text)
    TIM_GenerateEvent                        0x08001c91   Thumb Code     4  stm32f0xx_tim.o(.text)
    TIM_GetFlagStatus                        0x08001c95   Thumb Code    14  stm32f0xx_tim.o(.text)
    TIM_ClearFlag                            0x08001ca3   Thumb Code     6  stm32f0xx_tim.o(.text)
    TIM_GetITStatus                          0x08001ca9   Thumb Code    24  stm32f0xx_tim.o(.text)
    TIM_ClearITPendingBit                    0x08001cc1   Thumb Code     6  stm32f0xx_tim.o(.text)
    TIM_DMAConfig                            0x08001cc7   Thumb Code     8  stm32f0xx_tim.o(.text)
    TIM_DMACmd                               0x08001ccf   Thumb Code    16  stm32f0xx_tim.o(.text)
    TIM_SelectCCDMA                          0x08001cdf   Thumb Code    18  stm32f0xx_tim.o(.text)
    TIM_InternalClockConfig                  0x08001cf1   Thumb Code    10  stm32f0xx_tim.o(.text)
    TIM_SelectInputTrigger                   0x08001cfb   Thumb Code    12  stm32f0xx_tim.o(.text)
    TIM_ITRxExternalClockConfig              0x08001d07   Thumb Code    62  stm32f0xx_tim.o(.text)
    TIM_TIxExternalClockConfig               0x08001d45   Thumb Code    48  stm32f0xx_tim.o(.text)
    TIM_ETRConfig                            0x08001d75   Thumb Code    18  stm32f0xx_tim.o(.text)
    TIM_ETRClockMode1Config                  0x08001d87   Thumb Code    28  stm32f0xx_tim.o(.text)
    TIM_ETRClockMode2Config                  0x08001da3   Thumb Code    20  stm32f0xx_tim.o(.text)
    TIM_SelectOutputTrigger                  0x08001db7   Thumb Code    16  stm32f0xx_tim.o(.text)
    TIM_SelectSlaveMode                      0x08001dc7   Thumb Code    16  stm32f0xx_tim.o(.text)
    TIM_SelectMasterSlaveMode                0x08001dd7   Thumb Code    16  stm32f0xx_tim.o(.text)
    TIM_EncoderInterfaceConfig               0x08001de7   Thumb Code    42  stm32f0xx_tim.o(.text)
    TIM_SelectHallSensor                     0x08001e11   Thumb Code    18  stm32f0xx_tim.o(.text)
    TIM_RemapConfig                          0x08001e23   Thumb Code     6  stm32f0xx_tim.o(.text)
    NVIC_Init                                0x08001e2d   Thumb Code    70  stm32f0xx_misc.o(.text)
    NVIC_SystemLPConfig                      0x08001e73   Thumb Code    18  stm32f0xx_misc.o(.text)
    SysTick_CLKSourceConfig                  0x08001e85   Thumb Code    20  stm32f0xx_misc.o(.text)
    ADC_DeInit                               0x08001ea9   Thumb Code    28  stm32f0xx_adc.o(.text)
    ADC_Init                                 0x08001ec5   Thumb Code    38  stm32f0xx_adc.o(.text)
    ADC_StructInit                           0x08001eeb   Thumb Code    16  stm32f0xx_adc.o(.text)
    ADC_Cmd                                  0x08001efb   Thumb Code    18  stm32f0xx_adc.o(.text)
    ADC_JitterCmd                            0x08001f0d   Thumb Code    16  stm32f0xx_adc.o(.text)
    ADC_AutoPowerOffCmd                      0x08001f1d   Thumb Code    20  stm32f0xx_adc.o(.text)
    ADC_WaitModeCmd                          0x08001f31   Thumb Code    20  stm32f0xx_adc.o(.text)
    ADC_AnalogWatchdogCmd                    0x08001f45   Thumb Code    20  stm32f0xx_adc.o(.text)
    ADC_AnalogWatchdogThresholdsConfig       0x08001f59   Thumb Code     8  stm32f0xx_adc.o(.text)
    ADC_AnalogWatchdogSingleChannelConfig    0x08001f61   Thumb Code    14  stm32f0xx_adc.o(.text)
    ADC_AnalogWatchdogSingleChannelCmd       0x08001f6f   Thumb Code    20  stm32f0xx_adc.o(.text)
    ADC_TempSensorCmd                        0x08001f83   Thumb Code    22  stm32f0xx_adc.o(.text)
    ADC_VrefintCmd                           0x08001f99   Thumb Code    22  stm32f0xx_adc.o(.text)
    ADC_VbatCmd                              0x08001faf   Thumb Code    22  stm32f0xx_adc.o(.text)
    ADC_ChannelConfig                        0x08001fc5   Thumb Code    10  stm32f0xx_adc.o(.text)
    ADC_ContinuousModeCmd                    0x08001fcf   Thumb Code    20  stm32f0xx_adc.o(.text)
    ADC_DiscModeCmd                          0x08001fe3   Thumb Code    20  stm32f0xx_adc.o(.text)
    ADC_OverrunModeCmd                       0x08001ff7   Thumb Code    20  stm32f0xx_adc.o(.text)
    ADC_GetCalibrationFactor                 0x0800200b   Thumb Code    46  stm32f0xx_adc.o(.text)
    ADC_StopOfConversion                     0x08002039   Thumb Code    10  stm32f0xx_adc.o(.text)
    ADC_StartOfConversion                    0x08002043   Thumb Code    10  stm32f0xx_adc.o(.text)
    ADC_GetConversionValue                   0x0800204d   Thumb Code     6  stm32f0xx_adc.o(.text)
    ADC_DMACmd                               0x08002053   Thumb Code    20  stm32f0xx_adc.o(.text)
    ADC_DMARequestModeConfig                 0x08002067   Thumb Code    16  stm32f0xx_adc.o(.text)
    ADC_ITConfig                             0x08002077   Thumb Code    16  stm32f0xx_adc.o(.text)
    ADC_GetFlagStatus                        0x08002087   Thumb Code    28  stm32f0xx_adc.o(.text)
    ADC_ClearFlag                            0x080020a3   Thumb Code     4  stm32f0xx_adc.o(.text)
    ADC_GetITStatus                          0x080020a7   Thumb Code    22  stm32f0xx_adc.o(.text)
    ADC_ClearITPendingBit                    0x080020bd   Thumb Code     4  stm32f0xx_adc.o(.text)
    DMA_DeInit                               0x080020cd   Thumb Code   100  stm32f0xx_dma.o(.text)
    DMA_Init                                 0x08002131   Thumb Code    56  stm32f0xx_dma.o(.text)
    DMA_StructInit                           0x08002169   Thumb Code    26  stm32f0xx_dma.o(.text)
    DMA_Cmd                                  0x08002183   Thumb Code    20  stm32f0xx_dma.o(.text)
    DMA_SetCurrDataCounter                   0x08002197   Thumb Code     4  stm32f0xx_dma.o(.text)
    DMA_GetCurrDataCounter                   0x0800219b   Thumb Code     6  stm32f0xx_dma.o(.text)
    DMA_ITConfig                             0x080021a1   Thumb Code    16  stm32f0xx_dma.o(.text)
    DMA_GetFlagStatus                        0x080021b1   Thumb Code    18  stm32f0xx_dma.o(.text)
    DMA_ClearFlag                            0x080021c3   Thumb Code     8  stm32f0xx_dma.o(.text)
    DMA_GetITStatus                          0x080021cb   Thumb Code    18  stm32f0xx_dma.o(.text)
    DMA_ClearITPendingBit                    0x080021dd   Thumb Code     8  stm32f0xx_dma.o(.text)
    USART_DeInit                             0x080021f1   Thumb Code    54  stm32f0xx_usart.o(.text)
    USART_Init                               0x08002227   Thumb Code   166  stm32f0xx_usart.o(.text)
    USART_StructInit                         0x080022cd   Thumb Code    22  stm32f0xx_usart.o(.text)
    USART_ClockInit                          0x080022e3   Thumb Code    28  stm32f0xx_usart.o(.text)
    USART_ClockStructInit                    0x080022ff   Thumb Code    12  stm32f0xx_usart.o(.text)
    USART_Cmd                                0x0800230b   Thumb Code    20  stm32f0xx_usart.o(.text)
    USART_DirectionModeCmd                   0x0800231f   Thumb Code    16  stm32f0xx_usart.o(.text)
    USART_OverSampling8Cmd                   0x0800232f   Thumb Code    20  stm32f0xx_usart.o(.text)
    USART_OneBitMethodCmd                    0x08002343   Thumb Code    20  stm32f0xx_usart.o(.text)
    USART_MSBFirstCmd                        0x08002357   Thumb Code    20  stm32f0xx_usart.o(.text)
    USART_DataInvCmd                         0x0800236b   Thumb Code    20  stm32f0xx_usart.o(.text)
    USART_InvPinCmd                          0x0800237f   Thumb Code    16  stm32f0xx_usart.o(.text)
    USART_SWAPPinCmd                         0x0800238f   Thumb Code    20  stm32f0xx_usart.o(.text)
    USART_ReceiverTimeOutCmd                 0x080023a3   Thumb Code    20  stm32f0xx_usart.o(.text)
    USART_SetReceiverTimeOut                 0x080023b7   Thumb Code    16  stm32f0xx_usart.o(.text)
    USART_SetPrescaler                       0x080023c7   Thumb Code    16  stm32f0xx_usart.o(.text)
    USART_STOPModeCmd                        0x080023d7   Thumb Code    18  stm32f0xx_usart.o(.text)
    USART_StopModeWakeUpSourceConfig         0x080023e9   Thumb Code    18  stm32f0xx_usart.o(.text)
    USART_AutoBaudRateCmd                    0x080023fb   Thumb Code    20  stm32f0xx_usart.o(.text)
    USART_AutoBaudRateConfig                 0x0800240f   Thumb Code    18  stm32f0xx_usart.o(.text)
    USART_AutoBaudRateNewRequest             0x08002421   Thumb Code    12  stm32f0xx_usart.o(.text)
    USART_SendData                           0x0800242d   Thumb Code     8  stm32f0xx_usart.o(.text)
    USART_ReceiveData                        0x08002435   Thumb Code     8  stm32f0xx_usart.o(.text)
    USART_SetAddress                         0x0800243d   Thumb Code    18  stm32f0xx_usart.o(.text)
    USART_MuteModeCmd                        0x0800244f   Thumb Code    20  stm32f0xx_usart.o(.text)
    USART_MuteModeWakeUpConfig               0x08002463   Thumb Code    18  stm32f0xx_usart.o(.text)
    USART_AddressDetectionConfig             0x08002475   Thumb Code    16  stm32f0xx_usart.o(.text)
    USART_LINBreakDetectLengthConfig         0x08002485   Thumb Code    16  stm32f0xx_usart.o(.text)
    USART_LINCmd                             0x08002495   Thumb Code    20  stm32f0xx_usart.o(.text)
    USART_HalfDuplexCmd                      0x080024a9   Thumb Code    18  stm32f0xx_usart.o(.text)
    USART_SetGuardTime                       0x080024bb   Thumb Code    16  stm32f0xx_usart.o(.text)
    USART_SmartCardCmd                       0x080024cb   Thumb Code    18  stm32f0xx_usart.o(.text)
    USART_SmartCardNACKCmd                   0x080024dd   Thumb Code    18  stm32f0xx_usart.o(.text)
    USART_SetAutoRetryCount                  0x080024ef   Thumb Code    20  stm32f0xx_usart.o(.text)
    USART_SetBlockLength                     0x08002503   Thumb Code    18  stm32f0xx_usart.o(.text)
    USART_IrDAConfig                         0x08002515   Thumb Code    16  stm32f0xx_usart.o(.text)
    USART_IrDACmd                            0x08002525   Thumb Code    18  stm32f0xx_usart.o(.text)
    USART_DECmd                              0x08002537   Thumb Code    20  stm32f0xx_usart.o(.text)
    USART_DEPolarityConfig                   0x0800254b   Thumb Code    18  stm32f0xx_usart.o(.text)
    USART_SetDEAssertionTime                 0x0800255d   Thumb Code    20  stm32f0xx_usart.o(.text)
    USART_SetDEDeassertionTime               0x08002571   Thumb Code    20  stm32f0xx_usart.o(.text)
    USART_DMACmd                             0x08002585   Thumb Code    16  stm32f0xx_usart.o(.text)
    USART_DMAReceptionErrorConfig            0x08002595   Thumb Code    18  stm32f0xx_usart.o(.text)
    USART_ITConfig                           0x080025a7   Thumb Code    54  stm32f0xx_usart.o(.text)
    USART_RequestCmd                         0x080025dd   Thumb Code    16  stm32f0xx_usart.o(.text)
    USART_OverrunDetectionConfig             0x080025ed   Thumb Code    18  stm32f0xx_usart.o(.text)
    USART_GetFlagStatus                      0x080025ff   Thumb Code    14  stm32f0xx_usart.o(.text)
    USART_ClearFlag                          0x0800260d   Thumb Code     4  stm32f0xx_usart.o(.text)
    USART_GetITStatus                        0x08002611   Thumb Code    56  stm32f0xx_usart.o(.text)
    USART_ClearITPendingBit                  0x08002649   Thumb Code    10  stm32f0xx_usart.o(.text)
    EXTI_DeInit                              0x08002655   Thumb Code    20  stm32f0xx_exti.o(.text)
    EXTI_Init                                0x08002669   Thumb Code   102  stm32f0xx_exti.o(.text)
    EXTI_StructInit                          0x080026cf   Thumb Code    14  stm32f0xx_exti.o(.text)
    EXTI_GenerateSWInterrupt                 0x080026dd   Thumb Code    10  stm32f0xx_exti.o(.text)
    EXTI_GetFlagStatus                       0x080026e7   Thumb Code    16  stm32f0xx_exti.o(.text)
    EXTI_ClearFlag                           0x080026f7   Thumb Code     6  stm32f0xx_exti.o(.text)
    EXTI_GetITStatus                         0x080026fd   Thumb Code    24  stm32f0xx_exti.o(.text)
    EXTI_ClearITPendingBit                   0x08002715   Thumb Code     6  stm32f0xx_exti.o(.text)
    Reset_Handler                            0x08002729   Thumb Code     8  startup_stm32f0xx_ld.o(.text)
    ADC1_IRQHandler                          0x0800273b   Thumb Code     0  startup_stm32f0xx_ld.o(.text)
    DMA1_Channel1_IRQHandler                 0x0800273b   Thumb Code     0  startup_stm32f0xx_ld.o(.text)
    DMA1_Channel2_3_IRQHandler               0x0800273b   Thumb Code     0  startup_stm32f0xx_ld.o(.text)
    DMA1_Channel4_5_IRQHandler               0x0800273b   Thumb Code     0  startup_stm32f0xx_ld.o(.text)
    EXTI0_1_IRQHandler                       0x0800273b   Thumb Code     0  startup_stm32f0xx_ld.o(.text)
    EXTI4_15_IRQHandler                      0x0800273b   Thumb Code     0  startup_stm32f0xx_ld.o(.text)
    FLASH_IRQHandler                         0x0800273b   Thumb Code     0  startup_stm32f0xx_ld.o(.text)
    I2C1_IRQHandler                          0x0800273b   Thumb Code     0  startup_stm32f0xx_ld.o(.text)
    PVD_IRQHandler                           0x0800273b   Thumb Code     0  startup_stm32f0xx_ld.o(.text)
    RCC_IRQHandler                           0x0800273b   Thumb Code     0  startup_stm32f0xx_ld.o(.text)
    RTC_IRQHandler                           0x0800273b   Thumb Code     0  startup_stm32f0xx_ld.o(.text)
    SPI1_IRQHandler                          0x0800273b   Thumb Code     0  startup_stm32f0xx_ld.o(.text)
    TIM16_IRQHandler                         0x0800273b   Thumb Code     0  startup_stm32f0xx_ld.o(.text)
    TIM17_IRQHandler                         0x0800273b   Thumb Code     0  startup_stm32f0xx_ld.o(.text)
    TIM1_CC_IRQHandler                       0x0800273b   Thumb Code     0  startup_stm32f0xx_ld.o(.text)
    TIM2_IRQHandler                          0x0800273b   Thumb Code     0  startup_stm32f0xx_ld.o(.text)
    WWDG_IRQHandler                          0x0800273b   Thumb Code     0  startup_stm32f0xx_ld.o(.text)
    __user_initial_stackheap                 0x0800273d   Thumb Code     0  startup_stm32f0xx_ld.o(.text)
    SystemInit                               0x080027f7   Thumb Code    78  system_stm32f0xx.o(.text)
    SystemCoreClockUpdate                    0x08002845   Thumb Code    90  system_stm32f0xx.o(.text)
    __use_no_semihosting                     0x080028bd   Thumb Code     2  use_no_semi_2.o(.text)
    __2printf                                0x080028c1   Thumb Code    22  noretval__2printf.o(.text)
    __printf                                 0x080028dd   Thumb Code   108  __printf.o(.text)
    _printf_int_dec                          0x08002949   Thumb Code    90  _printf_dec.o(.text)
    __aeabi_uidiv                            0x080029b5   Thumb Code     0  aeabi_sdiv.o(.text)
    __aeabi_uidivmod                         0x080029b5   Thumb Code    20  aeabi_sdiv.o(.text)
    __aeabi_idiv                             0x080029c9   Thumb Code     0  aeabi_sdiv.o(.text)
    __aeabi_idivmod                          0x080029c9   Thumb Code   326  aeabi_sdiv.o(.text)
    __use_two_region_memory                  0x08002b0f   Thumb Code     2  heapauxi.o(.text)
    __rt_heap_escrow$2region                 0x08002b11   Thumb Code     2  heapauxi.o(.text)
    __rt_heap_expand$2region                 0x08002b13   Thumb Code     2  heapauxi.o(.text)
    __aeabi_d2uiz                            0x08002b15   Thumb Code     0  dfixui.o(.text)
    _dfixu                                   0x08002b15   Thumb Code    68  dfixui.o(.text)
    __aeabi_i2d_normalise                    0x08002b5d   Thumb Code    66  dflti.o(.text)
    __aeabi_i2d                              0x08002b9f   Thumb Code    16  dflti.o(.text)
    _dflt                                    0x08002b9f   Thumb Code     0  dflti.o(.text)
    __aeabi_ui2d                             0x08002baf   Thumb Code     6  dflti.o(.text)
    _dfltu                                   0x08002baf   Thumb Code     0  dflti.o(.text)
    __aeabi_fdiv                             0x08002bb5   Thumb Code     0  fdiv.o(.text)
    _fdiv                                    0x08002bb5   Thumb Code   334  fdiv.o(.text)
    _frdiv                                   0x08002d03   Thumb Code     8  fdiv.o(.text)
    __aeabi_f2uiz                            0x08002d15   Thumb Code     0  ffixui.o(.text)
    _ffixu                                   0x08002d15   Thumb Code    48  ffixui.o(.text)
    __I$use$semihosting                      0x08002d45   Thumb Code     0  use_no_semi.o(.text)
    __use_no_semihosting_swi                 0x08002d45   Thumb Code     2  use_no_semi.o(.text)
    __read_errno                             0x08002d47   Thumb Code    10  _rserrno.o(.text)
    __set_errno                              0x08002d51   Thumb Code    12  _rserrno.o(.text)
    _printf_int_common                       0x08002d5d   Thumb Code   176  _printf_intcommon.o(.text)
    _printf_char_file                        0x08002e0d   Thumb Code    34  _printf_char_file.o(.text)
    __rt_udiv10                              0x08002e35   Thumb Code    40  rtudiv10.o(.text)
    _dsqrt                                   0x08002e5d   Thumb Code   248  dsqrt.o(.text)
    __aeabi_errno_addr                       0x08002f5d   Thumb Code     8  rt_errno_addr_intlibspace.o(.text)
    __errno$intlibspace                      0x08002f5d   Thumb Code     0  rt_errno_addr_intlibspace.o(.text)
    __rt_errno_addr$intlibspace              0x08002f5d   Thumb Code     0  rt_errno_addr_intlibspace.o(.text)
    _printf_char_common                      0x08002f6f   Thumb Code    32  _printf_char_common.o(.text)
    ferror                                   0x08002f95   Thumb Code     8  ferror.o(.text)
    __user_libspace                          0x08002f9d   Thumb Code     8  libspace.o(.text)
    __user_perproc_libspace                  0x08002f9d   Thumb Code     0  libspace.o(.text)
    __user_perthread_libspace                0x08002f9d   Thumb Code     0  libspace.o(.text)
    __user_setup_stackheap                   0x08002fa5   Thumb Code    62  sys_stackheap_outer.o(.text)
    exit                                     0x08002fe3   Thumb Code    16  exit.o(.text)
    sqrt                                     0x08002ff5   Thumb Code    66  sqrt.o(i.sqrt)
    __aeabi_fmul                             0x0800303d   Thumb Code     0  fmul.o(x$fpl$fmul)
    _fmul                                    0x0800303d   Thumb Code   172  fmul.o(x$fpl$fmul)
    __I$use$fp                               0x080030ec   Number         0  usenofp.o(x$fpl$usenofp)
    dimming_curve_color                      0x080030ec   Data        1640  operation.o(.constdata)
    Region$$Table$$Base                      0x08003794   Number         0  anon$$obj.o(Region$$Table)
    Region$$Table$$Limit                     0x080037b4   Number         0  anon$$obj.o(Region$$Table)
    fault_detect_a                           0x20000000   Data           1  main.o(.data)
    start_up_counter                         0x20000004   Data           1  main.o(.data)
    working_mode                             0x20000005   Data           1  main.o(.data)
    main_loop_counter                        0x20000008   Data           4  main.o(.data)
    main_fast_loop_counter                   0x2000000c   Data           4  main.o(.data)
    input_current_rms_100                    0x20000010   Data           4  main.o(.data)
    adc_sampling_counter                     0x20000014   Data           4  stm32f0xx_it.o(.data)
    input_current_rms_rms_sum_this_cycle     0x20000018   Data           4  stm32f0xx_it.o(.data)
    input_current_rms_rms                    0x2000001c   Data           4  stm32f0xx_it.o(.data)
    input_current_rms                        0x20000020   Data           4  stm32f0xx_it.o(.data)
    __stdout                                 0x20000024   Data           4  usart1.o(.data)
    fac_us                                   0x20000028   Data           1  delay.o(.data)
    fac_ms                                   0x2000002a   Data           2  delay.o(.data)
    boost_pwm_value                          0x2000002c   Data           1  operation.o(.data)
    counter_vcc_mcu_measure                  0x2000002d   Data           1  operation.o(.data)
    flag_fault_detect                        0x2000002e   Data           1  operation.o(.data)
    rate_current                             0x2000002f   Data           1  operation.o(.data)
    target_dimming_value                     0x20000030   Data           4  operation.o(.data)
    current_dimming_value                    0x20000034   Data           4  operation.o(.data)
    vbuf_volt                                0x20000038   Data           4  operation.o(.data)
    mcu_temperature_val                      0x2000003c   Data           4  operation.o(.data)
    vcc_mcu_real_volt                        0x20000040   Data           4  operation.o(.data)
    sum_vcc_mcu_measure                      0x20000044   Data           4  operation.o(.data)
    fault_detect_a_val                       0x20000048   Data           4  operation.o(.data)
    fault_detect_b_val                       0x2000004c   Data           4  operation.o(.data)
    counter_fault_a_detect                   0x20000050   Data           4  operation.o(.data)
    counter_fault_b_detect                   0x20000054   Data           4  operation.o(.data)
    input_current_rms_previous               0x20000058   Data           4  operation.o(.data)
    input_current_rms_compared               0x2000005c   Data           4  operation.o(.data)
    SystemCoreClock                          0x20000070   Data           4  system_stm32f0xx.o(.data)
    AHBPrescTable                            0x20000074   Data          16  system_stm32f0xx.o(.data)
    RegularConvData_Tab                      0x20000084   Data          12  adc.o(.bss)
    input_current_rms_rms_sum                0x20000090   Data          32  stm32f0xx_it.o(.bss)
    __libspace_start                         0x200000b0   Data          96  libspace.o(.bss)
    __temporary_stack_top$libspace           0x20000110   Data           0  libspace.o(.bss)



==============================================================================

Memory Map of the image

  Image Entry point : 0x080000b1

  Load Region LR_IROM1 (Base: 0x08000000, Size: 0x00003838, Max: 0x00004000, ABSOLUTE)

    Execution Region ER_IROM1 (Base: 0x08000000, Size: 0x000037b4, Max: 0x00004000, ABSOLUTE)

    Base Addr    Size         Type   Attr      Idx    E Section Name        Object

    0x08000000   0x000000b0   Data   RO          576    RESET               startup_stm32f0xx_ld.o
    0x080000b0   0x00000008   Code   RO          647  * !!!main             c_p.l(__main.o)
    0x080000b8   0x0000003c   Code   RO          868    !!!scatter          c_p.l(__scatter.o)
    0x080000f4   0x0000001a   Code   RO          870    !!handler_copy      c_p.l(__scatter_copy.o)
    0x0800010e   0x00000002   PAD
    0x08000110   0x0000001c   Code   RO          872    !!handler_zi        c_p.l(__scatter_zi.o)
    0x0800012c   0x00000002   Code   RO          640    .ARM.Collect$$_printf_percent$$00000000  c_p.l(_printf_percent.o)
    0x0800012e   0x0000000a   Code   RO          639    .ARM.Collect$$_printf_percent$$00000009  c_p.l(_printf_d.o)
    0x08000138   0x00000004   Code   RO          681    .ARM.Collect$$_printf_percent$$00000017  c_p.l(_printf_percent_end.o)
    0x0800013c   0x00000002   Code   RO          738    .ARM.Collect$$libinit$$00000000  c_p.l(libinit.o)
    0x0800013e   0x00000000   Code   RO          753    .ARM.Collect$$libinit$$00000002  c_p.l(libinit2.o)
    0x0800013e   0x00000000   Code   RO          755    .ARM.Collect$$libinit$$00000004  c_p.l(libinit2.o)
    0x0800013e   0x00000000   Code   RO          758    .ARM.Collect$$libinit$$0000000A  c_p.l(libinit2.o)
    0x0800013e   0x00000000   Code   RO          760    .ARM.Collect$$libinit$$0000000C  c_p.l(libinit2.o)
    0x0800013e   0x00000000   Code   RO          762    .ARM.Collect$$libinit$$0000000E  c_p.l(libinit2.o)
    0x0800013e   0x00000000   Code   RO          765    .ARM.Collect$$libinit$$00000011  c_p.l(libinit2.o)
    0x0800013e   0x00000000   Code   RO          767    .ARM.Collect$$libinit$$00000013  c_p.l(libinit2.o)
    0x0800013e   0x00000000   Code   RO          769    .ARM.Collect$$libinit$$00000015  c_p.l(libinit2.o)
    0x0800013e   0x00000000   Code   RO          771    .ARM.Collect$$libinit$$00000017  c_p.l(libinit2.o)
    0x0800013e   0x00000000   Code   RO          773    .ARM.Collect$$libinit$$00000019  c_p.l(libinit2.o)
    0x0800013e   0x00000000   Code   RO          775    .ARM.Collect$$libinit$$0000001B  c_p.l(libinit2.o)
    0x0800013e   0x00000000   Code   RO          777    .ARM.Collect$$libinit$$0000001D  c_p.l(libinit2.o)
    0x0800013e   0x00000000   Code   RO          779    .ARM.Collect$$libinit$$0000001F  c_p.l(libinit2.o)
    0x0800013e   0x00000000   Code   RO          781    .ARM.Collect$$libinit$$00000021  c_p.l(libinit2.o)
    0x0800013e   0x00000000   Code   RO          783    .ARM.Collect$$libinit$$00000023  c_p.l(libinit2.o)
    0x0800013e   0x00000000   Code   RO          785    .ARM.Collect$$libinit$$00000025  c_p.l(libinit2.o)
    0x0800013e   0x00000000   Code   RO          789    .ARM.Collect$$libinit$$0000002C  c_p.l(libinit2.o)
    0x0800013e   0x00000000   Code   RO          791    .ARM.Collect$$libinit$$0000002E  c_p.l(libinit2.o)
    0x0800013e   0x00000000   Code   RO          793    .ARM.Collect$$libinit$$00000030  c_p.l(libinit2.o)
    0x0800013e   0x00000000   Code   RO          795    .ARM.Collect$$libinit$$00000032  c_p.l(libinit2.o)
    0x0800013e   0x00000002   Code   RO          796    .ARM.Collect$$libinit$$00000033  c_p.l(libinit2.o)
    0x08000140   0x00000002   Code   RO          824    .ARM.Collect$$libshutdown$$00000000  c_p.l(libshutdown.o)
    0x08000142   0x00000000   Code   RO          851    .ARM.Collect$$libshutdown$$00000002  c_p.l(libshutdown2.o)
    0x08000142   0x00000000   Code   RO          853    .ARM.Collect$$libshutdown$$00000004  c_p.l(libshutdown2.o)
    0x08000142   0x00000000   Code   RO          856    .ARM.Collect$$libshutdown$$00000007  c_p.l(libshutdown2.o)
    0x08000142   0x00000000   Code   RO          859    .ARM.Collect$$libshutdown$$0000000A  c_p.l(libshutdown2.o)
    0x08000142   0x00000000   Code   RO          861    .ARM.Collect$$libshutdown$$0000000C  c_p.l(libshutdown2.o)
    0x08000142   0x00000000   Code   RO          864    .ARM.Collect$$libshutdown$$0000000F  c_p.l(libshutdown2.o)
    0x08000142   0x00000002   Code   RO          865    .ARM.Collect$$libshutdown$$00000010  c_p.l(libshutdown2.o)
    0x08000144   0x00000000   Code   RO          670    .ARM.Collect$$rtentry$$00000000  c_p.l(__rtentry.o)
    0x08000144   0x00000000   Code   RO          690    .ARM.Collect$$rtentry$$00000002  c_p.l(__rtentry2.o)
    0x08000144   0x00000006   Code   RO          702    .ARM.Collect$$rtentry$$00000004  c_p.l(__rtentry4.o)
    0x0800014a   0x00000000   Code   RO          692    .ARM.Collect$$rtentry$$00000009  c_p.l(__rtentry2.o)
    0x0800014a   0x00000004   Code   RO          693    .ARM.Collect$$rtentry$$0000000A  c_p.l(__rtentry2.o)
    0x0800014e   0x00000000   Code   RO          695    .ARM.Collect$$rtentry$$0000000C  c_p.l(__rtentry2.o)
    0x0800014e   0x00000008   Code   RO          696    .ARM.Collect$$rtentry$$0000000D  c_p.l(__rtentry2.o)
    0x08000156   0x00000002   Code   RO          744    .ARM.Collect$$rtexit$$00000000  c_p.l(rtexit.o)
    0x08000158   0x00000000   Code   RO          800    .ARM.Collect$$rtexit$$00000002  c_p.l(rtexit2.o)
    0x08000158   0x00000004   Code   RO          801    .ARM.Collect$$rtexit$$00000003  c_p.l(rtexit2.o)
    0x0800015c   0x00000006   Code   RO          802    .ARM.Collect$$rtexit$$00000004  c_p.l(rtexit2.o)
    0x08000162   0x00000002   PAD
    0x08000164   0x00000350   Code   RO            3    .text               main.o
    0x080004b4   0x00000190   Code   RO          160    .text               time.o
    0x08000644   0x0000016c   Code   RO          191    .text               adc.o
    0x080007b0   0x00000154   Code   RO          220    .text               stm32f0xx_it.o
    0x08000904   0x000000a4   Code   RO          246    .text               usart1.o
    0x080009a8   0x000000fc   Code   RO          273    .text               ltc_io.o
    0x08000aa4   0x00000080   Code   RO          294    .text               delay.o
    0x08000b24   0x00000440   Code   RO          320    .text               operation.o
    0x08000f64   0x00000044   Code   RO          373    .text               stm32f0xx_iwdg.o
    0x08000fa8   0x0000015c   Code   RO          393    .text               stm32f0xx_gpio.o
    0x08001104   0x0000040c   Code   RO          413    .text               stm32f0xx_rcc.o
    0x08001510   0x0000091c   Code   RO          435    .text               stm32f0xx_tim.o
    0x08001e2c   0x0000007c   Code   RO          456    .text               stm32f0xx_misc.o
    0x08001ea8   0x00000224   Code   RO          476    .text               stm32f0xx_adc.o
    0x080020cc   0x00000124   Code   RO          496    .text               stm32f0xx_dma.o
    0x080021f0   0x00000462   Code   RO          516    .text               stm32f0xx_usart.o
    0x08002652   0x00000002   PAD
    0x08002654   0x000000d4   Code   RO          556    .text               stm32f0xx_exti.o
    0x08002728   0x00000038   Code   RO          577    .text               startup_stm32f0xx_ld.o
    0x08002760   0x0000015c   Code   RO          583    .text               system_stm32f0xx.o
    0x080028bc   0x00000002   Code   RO          609    .text               c_p.l(use_no_semi_2.o)
    0x080028be   0x00000002   PAD
    0x080028c0   0x0000001c   Code   RO          613    .text               c_p.l(noretval__2printf.o)
    0x080028dc   0x0000006c   Code   RO          615    .text               c_p.l(__printf.o)
    0x08002948   0x0000006c   Code   RO          617    .text               c_p.l(_printf_dec.o)
    0x080029b4   0x0000015a   Code   RO          641    .text               c_p.l(aeabi_sdiv.o)
    0x08002b0e   0x00000006   Code   RO          645    .text               c_p.l(heapauxi.o)
    0x08002b14   0x00000048   Code   RO          649    .text               fz_ps.l(dfixui.o)
    0x08002b5c   0x00000058   Code   RO          651    .text               fz_ps.l(dflti.o)
    0x08002bb4   0x00000160   Code   RO          653    .text               fz_ps.l(fdiv.o)
    0x08002d14   0x00000030   Code   RO          656    .text               fz_ps.l(ffixui.o)
    0x08002d44   0x00000002   Code   RO          668    .text               c_p.l(use_no_semi.o)
    0x08002d46   0x00000016   Code   RO          675    .text               c_p.l(_rserrno.o)
    0x08002d5c   0x000000b0   Code   RO          677    .text               c_p.l(_printf_intcommon.o)
    0x08002e0c   0x00000028   Code   RO          679    .text               c_p.l(_printf_char_file.o)
    0x08002e34   0x00000028   Code   RO          682    .text               c_p.l(rtudiv10.o)
    0x08002e5c   0x00000100   Code   RO          686    .text               fz_ps.l(dsqrt.o)
    0x08002f5c   0x00000008   Code   RO          709    .text               c_p.l(rt_errno_addr_intlibspace.o)
    0x08002f64   0x00000030   Code   RO          711    .text               c_p.l(_printf_char_common.o)
    0x08002f94   0x00000008   Code   RO          713    .text               c_p.l(ferror.o)
    0x08002f9c   0x00000008   Code   RO          719    .text               c_p.l(libspace.o)
    0x08002fa4   0x0000003e   Code   RO          722    .text               c_p.l(sys_stackheap_outer.o)
    0x08002fe2   0x00000010   Code   RO          727    .text               c_p.l(exit.o)
    0x08002ff2   0x00000002   PAD
    0x08002ff4   0x00000048   Code   RO          661    i.sqrt              m_ps.l(sqrt.o)
    0x0800303c   0x000000b0   Code   RO          658    x$fpl$fmul          fz_ps.l(fmul.o)
    0x080030ec   0x00000000   Code   RO          688    x$fpl$usenofp       fz_ps.l(usenofp.o)
    0x080030ec   0x00000668   Data   RO          322    .constdata          operation.o
    0x08003754   0x00000040   Data   RO          654    .constdata          fz_ps.l(fdiv.o)
    0x08003794   0x00000020   Data   RO          866    Region$$Table       anon$$obj.o


    Execution Region RW_IRAM1 (Base: 0x20000000, Size: 0x00000710, Max: 0x00001000, ABSOLUTE)

    Base Addr    Size         Type   Attr      Idx    E Section Name        Object

    0x20000000   0x00000001   Data   RW            4    .data               main.o
    0x20000001   0x00000003   PAD
    0x20000004   0x00000010   Data   RW            6    .data               main.o
    0x20000014   0x00000010   Data   RW          223    .data               stm32f0xx_it.o
    0x20000024   0x00000004   Data   RW          247    .data               usart1.o
    0x20000028   0x00000004   Data   RW          295    .data               delay.o
    0x2000002c   0x00000034   Data   RW          323    .data               operation.o
    0x20000060   0x00000010   Data   RW          414    .data               stm32f0xx_rcc.o
    0x20000070   0x00000014   Data   RW          584    .data               system_stm32f0xx.o
    0x20000084   0x0000000c   Zero   RW          192    .bss                adc.o
    0x20000090   0x00000020   Zero   RW          221    .bss                stm32f0xx_it.o
    0x200000b0   0x00000060   Zero   RW          720    .bss                c_p.l(libspace.o)
    0x20000110   0x00000200   Zero   RW          575    HEAP                startup_stm32f0xx_ld.o
    0x20000310   0x00000400   Zero   RW          574    STACK               startup_stm32f0xx_ld.o


==============================================================================

Image component sizes


      Code (inc. data)   RO Data    RW Data    ZI Data      Debug   Object Name

       364         22          0          0         12       1520   adc.o
       128         10          0          4          0       1083   delay.o
       252         12          0          0          0       1916   ltc_io.o
       848        194          0         17          0     152414   main.o
      1088         86       1640         52          0       6355   operation.o
        56         26        176          0       1536        640   startup_stm32f0xx_ld.o
       548         12          0          0          0       7083   stm32f0xx_adc.o
       292         12          0          0          0       3554   stm32f0xx_dma.o
       212         14          0          0          0       2335   stm32f0xx_exti.o
       348         22          0          0          0       3793   stm32f0xx_gpio.o
       340         50          0         16         32       2821   stm32f0xx_it.o
        68         12          0          0          0       1445   stm32f0xx_iwdg.o
       124         16          0          0          0       1352   stm32f0xx_misc.o
      1036         38          0         16          0       8730   stm32f0xx_rcc.o
      2332        122          0          0          0      23487   stm32f0xx_tim.o
      1122         12          0          0          0      12599   stm32f0xx_usart.o
       348         30          0         20          0       1703   system_stm32f0xx.o
       400         18          0          0          0       1486   time.o
       164          8          0          4          0       2732   usart1.o

    ----------------------------------------------------------------------
     10072        716       1848        132       1580     237048   Object Totals
         0          0         32          0          0          0   (incl. Generated)
         2          0          0          3          0          0   (incl. Padding)

    ----------------------------------------------------------------------

      Code (inc. data)   RO Data    RW Data    ZI Data      Debug   Library Member Name

         8          0          0          0          0         68   __main.o
       108          0          0          0          0         76   __printf.o
         0          0          0          0          0          0   __rtentry.o
        12          0          0          0          0          0   __rtentry2.o
         6          0          0          0          0          0   __rtentry4.o
        60          8          0          0          0          0   __scatter.o
        26          0          0          0          0          0   __scatter_copy.o
        28          0          0          0          0          0   __scatter_zi.o
        48          6          0          0          0         88   _printf_char_common.o
        40          6          0          0          0         72   _printf_char_file.o
        10          0          0          0          0          0   _printf_d.o
       108         18          0          0          0         76   _printf_dec.o
       176          0          0          0          0         84   _printf_intcommon.o
         2          0          0          0          0          0   _printf_percent.o
         4          0          0          0          0          0   _printf_percent_end.o
        22          0          0          0          0         92   _rserrno.o
       346          0          0          0          0         92   aeabi_sdiv.o
        16          0          0          0          0         68   exit.o
         8          0          0          0          0         60   ferror.o
         6          0          0          0          0        136   heapauxi.o
         2          0          0          0          0          0   libinit.o
         2          0          0          0          0          0   libinit2.o
         2          0          0          0          0          0   libshutdown.o
         2          0          0          0          0          0   libshutdown2.o
         8          4          0          0         96         68   libspace.o
        28          6          0          0          0         84   noretval__2printf.o
         8          4          0          0          0         68   rt_errno_addr_intlibspace.o
         2          0          0          0          0          0   rtexit.o
        10          0          0          0          0          0   rtexit2.o
        40          0          0          0          0         60   rtudiv10.o
        62          0          0          0          0         80   sys_stackheap_outer.o
         2          0          0          0          0         68   use_no_semi.o
         2          0          0          0          0         68   use_no_semi_2.o
        72          4          0          0          0         68   dfixui.o
        88          0          0          0          0         92   dflti.o
       256          8          0          0          0         76   dsqrt.o
       352         10         64          0          0         92   fdiv.o
        48          0          0          0          0         60   ffixui.o
       176          4          0          0          0         80   fmul.o
         0          0          0          0          0          0   usenofp.o
        72          6          0          0          0         76   sqrt.o

    ----------------------------------------------------------------------
      2276         84         64          0         96       1952   Library Totals
         8          0          0          0          0          0   (incl. Padding)

    ----------------------------------------------------------------------

      Code (inc. data)   RO Data    RW Data    ZI Data      Debug   Library Name

      1204         52          0          0         96       1408   c_p.l
       992         26         64          0          0        468   fz_ps.l
        72          6          0          0          0         76   m_ps.l

    ----------------------------------------------------------------------
      2276         84         64          0         96       1952   Library Totals

    ----------------------------------------------------------------------

==============================================================================


      Code (inc. data)   RO Data    RW Data    ZI Data      Debug   

     12348        800       1912        132       1676     235884   Grand Totals
     12348        800       1912        132       1676     235884   ELF Image Totals
     12348        800       1912        132          0          0   ROM Totals

==============================================================================

    Total RO  Size (Code + RO Data)                14260 (  13.93kB)
    Total RW  Size (RW Data + ZI Data)              1808 (   1.77kB)
    Total ROM Size (Code + RO Data + RW Data)      14392 (  14.05kB)

==============================================================================

