<html>
<body>
<pre>
<h1>µVision Build Log</h1>
<h2>Tool Versions:</h2>
IDE-Version: ¦ÌVision V5.17.0.0
Copyright (C) 2015 ARM Ltd and ARM Germany GmbH. All rights reserved.
License Information: jie AutoBVT, Microsoft, LIC=----
 
Tool Versions:
Toolchain:       MDK-Lite  Version: 5.17
Toolchain Path:  C:\Keil_v5\ARM\ARMCC\Bin
C Compiler:      Armcc.exe V5.06 update 1 (build 61)
Assembler:       Armasm.exe V5.06 update 1 (build 61)
Linker/Locator:  ArmLink.exe V5.06 update 1 (build 61)
Library Manager: ArmAr.exe V5.06 update 1 (build 61)
Hex Converter:   FromElf.exe V5.06 update 1 (build 61)
CPU DLL:         SARMCM3.DLL V5.17
Dialog DLL:      DARMCM1.DLL V1.12.0.0
Target DLL:      STLink\ST-LINKIII-KEIL_SWO.dll V2.0.18.0
Dialog DLL:      TARMCM1.DLL V1.9.0.0
 
<h2>Project:</h2>
F:\LTC_CN\software\LTC_CN_SOFTWARE_48MHZ_20170913_v1.1\Proj\LTC_CN.uvprojx
Project File Date:  01/15/2018

<h2>Output:</h2>
*** Using Compiler 'V5.06 update 1 (build 61)', folder: 'C:\Keil_v5\ARM\ARMCC\Bin'
Rebuild target 'Target 1'
compiling adc.c...
compiling LTC_IO.c...
compiling USART1.c...
compiling time.c...
compiling stm32f0xx_it.c...
compiling delay.c...
compiling main.c...
compiling stm32f0xx_wwdg.c...
compiling stm32f0xx_iwdg.c...
compiling stm32f0xx_misc.c...
compiling stm32f0xx_gpio.c...
compiling operation.c...
compiling stm32f0xx_rcc.c...
compiling stm32f0xx_tim.c...
assembling startup_stm32f0xx_ld.s...
compiling stm32f0xx_adc.c...
compiling stm32f0xx_dma.c...
compiling stm32f0xx_syscfg.c...
compiling stm32f0xx_usart.c...
compiling stm32f0xx_exti.c...
compiling system_stm32f0xx.c...
linking...
Program Size: Code=12348 RO-data=1912 RW-data=132 ZI-data=1676  
FromELF: creating hex file...
".\LTC_CN.axf" - 0 Error(s), 0 Warning(s).

<h2>Software Packages used:</h2>

Package Vendor: ARM
                http://www.keil.com/pack/ARM.CMSIS.5.1.1.pack
                ARM::CMSIS:CORE:5.0.2
                CMSIS (Cortex Microcontroller Software Interface Standard)
   * Component: CORE Version: 5.0.2

<h2>Collection of Component include folders:</h2>
  F:\LTC_CN\software\LTC_CN_SOFTWARE_48MHZ_20170913_v1.1\Proj\RTE
  C:\Keil_v5\ARM\PACK\ARM\CMSIS\5.1.1\CMSIS\Include
  C:\Keil_v5\ARM\PACK\Keil\STM32F0xx_DFP\1.5.0\Device\Include

<h2>Collection of Component Files used:</h2>

   * Component: ARM::CMSIS:CORE:5.0.2
Build Time Elapsed:  00:00:02
</pre>
</body>
</html>
